Archive member included to satisfy reference by file (symbol)

c:/program files (x86)/atmel/studio/7.0/toolchain/avr8/avr8-gnu-toolchain/bin/../lib/gcc/avr/5.4.0/../../../../avr/lib/avr5\libm.a(fixunssfsi.o)
                              HAL/Ultrasonic/Ultrasonic.o (__fixunssfsi)
c:/program files (x86)/atmel/studio/7.0/toolchain/avr8/avr8-gnu-toolchain/bin/../lib/gcc/avr/5.4.0/../../../../avr/lib/avr5\libm.a(floatsisf.o)
                              HAL/Ultrasonic/Ultrasonic.o (__floatunsisf)
c:/program files (x86)/atmel/studio/7.0/toolchain/avr8/avr8-gnu-toolchain/bin/../lib/gcc/avr/5.4.0/../../../../avr/lib/avr5\libm.a(fp_split3.o)
                              c:/program files (x86)/atmel/studio/7.0/toolchain/avr8/avr8-gnu-toolchain/bin/../lib/gcc/avr/5.4.0/../../../../avr/lib/avr5\libm.a(fixunssfsi.o) (__fp_splitA)
c:/program files (x86)/atmel/studio/7.0/toolchain/avr8/avr8-gnu-toolchain/bin/../lib/gcc/avr/5.4.0/../../../../avr/lib/avr5\libm.a(fp_zero.o)
                              c:/program files (x86)/atmel/studio/7.0/toolchain/avr8/avr8-gnu-toolchain/bin/../lib/gcc/avr/5.4.0/../../../../avr/lib/avr5\libm.a(fixunssfsi.o) (__fp_zero)
c:/program files (x86)/atmel/studio/7.0/toolchain/avr8/avr8-gnu-toolchain/bin/../lib/gcc/avr/5.4.0/../../../../avr/lib/avr5\libm.a(mulsf3.o)
                              HAL/Ultrasonic/Ultrasonic.o (__mulsf3)
c:/program files (x86)/atmel/studio/7.0/toolchain/avr8/avr8-gnu-toolchain/bin/../lib/gcc/avr/5.4.0/../../../../avr/lib/avr5\libm.a(mulsf3x.o)
                              c:/program files (x86)/atmel/studio/7.0/toolchain/avr8/avr8-gnu-toolchain/bin/../lib/gcc/avr/5.4.0/../../../../avr/lib/avr5\libm.a(mulsf3.o) (__mulsf3x)
c:/program files (x86)/atmel/studio/7.0/toolchain/avr8/avr8-gnu-toolchain/bin/../lib/gcc/avr/5.4.0/../../../../avr/lib/avr5\libm.a(fp_inf.o)
                              c:/program files (x86)/atmel/studio/7.0/toolchain/avr8/avr8-gnu-toolchain/bin/../lib/gcc/avr/5.4.0/../../../../avr/lib/avr5\libm.a(mulsf3x.o) (__fp_inf)
c:/program files (x86)/atmel/studio/7.0/toolchain/avr8/avr8-gnu-toolchain/bin/../lib/gcc/avr/5.4.0/../../../../avr/lib/avr5\libm.a(fp_nan.o)
                              c:/program files (x86)/atmel/studio/7.0/toolchain/avr8/avr8-gnu-toolchain/bin/../lib/gcc/avr/5.4.0/../../../../avr/lib/avr5\libm.a(mulsf3x.o) (__fp_nan)
c:/program files (x86)/atmel/studio/7.0/toolchain/avr8/avr8-gnu-toolchain/bin/../lib/gcc/avr/5.4.0/../../../../avr/lib/avr5\libm.a(fp_pscA.o)
                              c:/program files (x86)/atmel/studio/7.0/toolchain/avr8/avr8-gnu-toolchain/bin/../lib/gcc/avr/5.4.0/../../../../avr/lib/avr5\libm.a(mulsf3x.o) (__fp_pscA)
c:/program files (x86)/atmel/studio/7.0/toolchain/avr8/avr8-gnu-toolchain/bin/../lib/gcc/avr/5.4.0/../../../../avr/lib/avr5\libm.a(fp_pscB.o)
                              c:/program files (x86)/atmel/studio/7.0/toolchain/avr8/avr8-gnu-toolchain/bin/../lib/gcc/avr/5.4.0/../../../../avr/lib/avr5\libm.a(mulsf3x.o) (__fp_pscB)
c:/program files (x86)/atmel/studio/7.0/toolchain/avr8/avr8-gnu-toolchain/bin/../lib/gcc/avr/5.4.0/../../../../avr/lib/avr5\libm.a(fp_round.o)
                              c:/program files (x86)/atmel/studio/7.0/toolchain/avr8/avr8-gnu-toolchain/bin/../lib/gcc/avr/5.4.0/../../../../avr/lib/avr5\libm.a(mulsf3.o) (__fp_round)
c:/program files (x86)/atmel/studio/7.0/toolchain/avr8/avr8-gnu-toolchain/bin/../lib/gcc/avr/5.4.0/avr5\libgcc.a(_udivmodqi4.o)
                              App/Main/main.o (__udivmodqi4)
c:/program files (x86)/atmel/studio/7.0/toolchain/avr8/avr8-gnu-toolchain/bin/../lib/gcc/avr/5.4.0/avr5\libgcc.a(_divmodhi4.o)
                              MCAL/PWM/PWM_Core.o (__divmodhi4)
c:/program files (x86)/atmel/studio/7.0/toolchain/avr8/avr8-gnu-toolchain/bin/../lib/gcc/avr/5.4.0/avr5\libgcc.a(_udivmodsi4.o)
                              HAL/TempSensor/TempSensor_Core.o (__udivmodsi4)
c:/program files (x86)/atmel/studio/7.0/toolchain/avr8/avr8-gnu-toolchain/bin/../lib/gcc/avr/5.4.0/avr5\libgcc.a(_divmodsi4.o)
                              HAL/LCD/LCD_Core.o (__divmodsi4)
c:/program files (x86)/atmel/studio/7.0/toolchain/avr8/avr8-gnu-toolchain/bin/../lib/gcc/avr/5.4.0/avr5\libgcc.a(_negsi2.o)
                              c:/program files (x86)/atmel/studio/7.0/toolchain/avr8/avr8-gnu-toolchain/bin/../lib/gcc/avr/5.4.0/avr5\libgcc.a(_divmodsi4.o) (__negsi2)
c:/program files (x86)/atmel/studio/7.0/toolchain/avr8/avr8-gnu-toolchain/bin/../lib/gcc/avr/5.4.0/avr5\libgcc.a(_exit.o)
                              C:/Program Files (x86)/Atmel/Studio/7.0/Packs/atmel/ATmega_DFP/1.7.374/gcc/dev/atmega32/avr5/crtatmega32.o (exit)
c:/program files (x86)/atmel/studio/7.0/toolchain/avr8/avr8-gnu-toolchain/bin/../lib/gcc/avr/5.4.0/avr5\libgcc.a(_copy_data.o)
                              App/CFGH/MCAL_CFG/PORT_CFG/PORT_LCFG.o (__do_copy_data)
c:/program files (x86)/atmel/studio/7.0/toolchain/avr8/avr8-gnu-toolchain/bin/../lib/gcc/avr/5.4.0/avr5\libgcc.a(_clear_bss.o)
                              App/Main/main.o (__do_clear_bss)
c:/program files (x86)/atmel/studio/7.0/toolchain/avr8/avr8-gnu-toolchain/bin/../lib/gcc/avr/5.4.0/avr5\libgcc.a(_umulhisi3.o)
                              MCAL/IRQH/IRQH_Core.o (__umulhisi3)
c:/program files (x86)/atmel/studio/7.0/toolchain/avr8/avr8-gnu-toolchain/bin/../lib/gcc/avr/5.4.0/avr5\libgcc.a(_muluhisi3.o)
                              MCAL/IRQH/IRQH_Core.o (__muluhisi3)
c:/program files (x86)/atmel/studio/7.0/toolchain/avr8/avr8-gnu-toolchain/bin/../lib/gcc/avr/5.4.0/avr5\libgcc.a(_udivmodhi4.o)
                              c:/program files (x86)/atmel/studio/7.0/toolchain/avr8/avr8-gnu-toolchain/bin/../lib/gcc/avr/5.4.0/avr5\libgcc.a(_divmodhi4.o) (__udivmodhi4)
c:/program files (x86)/atmel/studio/7.0/toolchain/avr8/avr8-gnu-toolchain/bin/../lib/gcc/avr/5.4.0/../../../../avr/lib/avr5\libc.a(memcpy.o)
                              OS/queue.o (memcpy)

Allocating common symbols
Common symbol       size              file

UART_TRANSMITE_DATA
                    0x7               MCAL/UART/UART_Core.o
UART_RECEIVED_DATA  0xa               MCAL/UART/UART_Core.o

Discarded input sections

 .data          0x00000000        0x0 C:/Program Files (x86)/Atmel/Studio/7.0/Packs/atmel/ATmega_DFP/1.7.374/gcc/dev/atmega32/avr5/crtatmega32.o
 .bss           0x00000000        0x0 C:/Program Files (x86)/Atmel/Studio/7.0/Packs/atmel/ATmega_DFP/1.7.374/gcc/dev/atmega32/avr5/crtatmega32.o
 .text          0x00000000        0x0 App/CFGH/MCAL_CFG/PORT_CFG/PORT_LCFG.o
 .data          0x00000000        0x0 App/CFGH/MCAL_CFG/PORT_CFG/PORT_LCFG.o
 .bss           0x00000000        0x0 App/CFGH/MCAL_CFG/PORT_CFG/PORT_LCFG.o
 .text          0x00000000        0x0 App/Main/main.o
 .data          0x00000000        0x0 App/Main/main.o
 .bss           0x00000000        0x0 App/Main/main.o
 .bss.SEMA_1_HANDEL
                0x00000000        0x2 App/Main/main.o
 .text          0x00000000        0x0 HAL/BTN/BTN.o
 .data          0x00000000        0x0 HAL/BTN/BTN.o
 .bss           0x00000000        0x0 HAL/BTN/BTN.o
 .text.BTN_GetValue
                0x00000000       0x4e HAL/BTN/BTN.o
 .debug_info    0x00000000      0x197 HAL/BTN/BTN.o
 .debug_abbrev  0x00000000      0x111 HAL/BTN/BTN.o
 .debug_loc     0x00000000       0xc9 HAL/BTN/BTN.o
 .debug_aranges
                0x00000000       0x20 HAL/BTN/BTN.o
 .debug_ranges  0x00000000       0x10 HAL/BTN/BTN.o
 .debug_line    0x00000000      0x163 HAL/BTN/BTN.o
 .debug_str     0x00000000      0x22e HAL/BTN/BTN.o
 .comment       0x00000000       0x31 HAL/BTN/BTN.o
 .debug_frame   0x00000000       0x3c HAL/BTN/BTN.o
 .text          0x00000000        0x0 HAL/EEPROM/EEPROM_Core.o
 .data          0x00000000        0x0 HAL/EEPROM/EEPROM_Core.o
 .bss           0x00000000        0x0 HAL/EEPROM/EEPROM_Core.o
 .text.EEPROM_WriteByte
                0x00000000       0x2e HAL/EEPROM/EEPROM_Core.o
 .text.EEPROM_WriteMultipleBytes
                0x00000000       0x48 HAL/EEPROM/EEPROM_Core.o
 .text.EEPROM_ReadByte
                0x00000000       0x34 HAL/EEPROM/EEPROM_Core.o
 .debug_info    0x00000000      0x2b9 HAL/EEPROM/EEPROM_Core.o
 .debug_abbrev  0x00000000       0xd0 HAL/EEPROM/EEPROM_Core.o
 .debug_loc     0x00000000      0x2ab HAL/EEPROM/EEPROM_Core.o
 .debug_aranges
                0x00000000       0x30 HAL/EEPROM/EEPROM_Core.o
 .debug_ranges  0x00000000       0x20 HAL/EEPROM/EEPROM_Core.o
 .debug_line    0x00000000      0x128 HAL/EEPROM/EEPROM_Core.o
 .debug_str     0x00000000      0x27e HAL/EEPROM/EEPROM_Core.o
 .comment       0x00000000       0x31 HAL/EEPROM/EEPROM_Core.o
 .debug_frame   0x00000000       0x7c HAL/EEPROM/EEPROM_Core.o
 .text          0x00000000        0x0 HAL/KeyPad/KeyPad_Core.o
 .data          0x00000000        0x0 HAL/KeyPad/KeyPad_Core.o
 .bss           0x00000000        0x0 HAL/KeyPad/KeyPad_Core.o
 .text          0x00000000        0x0 HAL/LCD/LCD_Core.o
 .data          0x00000000        0x0 HAL/LCD/LCD_Core.o
 .bss           0x00000000        0x0 HAL/LCD/LCD_Core.o
 .text.LCD_WriteString
                0x00000000       0x26 HAL/LCD/LCD_Core.o
 .text.LCD_GoTo
                0x00000000       0x30 HAL/LCD/LCD_Core.o
 .text.LCD_Clear
                0x00000000        0x8 HAL/LCD/LCD_Core.o
 .text          0x00000000        0x0 HAL/LED/LED.o
 .data          0x00000000        0x0 HAL/LED/LED.o
 .bss           0x00000000        0x0 HAL/LED/LED.o
 .text.LED_SetValue
                0x00000000        0x6 HAL/LED/LED.o
 .text.LED_Toggle
                0x00000000        0x6 HAL/LED/LED.o
 .debug_info    0x00000000      0x113 HAL/LED/LED.o
 .debug_abbrev  0x00000000       0x80 HAL/LED/LED.o
 .debug_loc     0x00000000       0x63 HAL/LED/LED.o
 .debug_aranges
                0x00000000       0x28 HAL/LED/LED.o
 .debug_ranges  0x00000000       0x18 HAL/LED/LED.o
 .debug_line    0x00000000       0x88 HAL/LED/LED.o
 .debug_str     0x00000000      0x1cf HAL/LED/LED.o
 .comment       0x00000000       0x31 HAL/LED/LED.o
 .debug_frame   0x00000000       0x34 HAL/LED/LED.o
 .text          0x00000000        0x0 HAL/SevSeg/SevSeg_Core.o
 .data          0x00000000        0x0 HAL/SevSeg/SevSeg_Core.o
 .bss           0x00000000        0x0 HAL/SevSeg/SevSeg_Core.o
 .text.SevSeg_Init
                0x00000000        0x2 HAL/SevSeg/SevSeg_Core.o
 .text.SevSeg_Display
                0x00000000        0x2 HAL/SevSeg/SevSeg_Core.o
 .debug_info    0x00000000       0xfe HAL/SevSeg/SevSeg_Core.o
 .debug_abbrev  0x00000000       0xa2 HAL/SevSeg/SevSeg_Core.o
 .debug_aranges
                0x00000000       0x28 HAL/SevSeg/SevSeg_Core.o
 .debug_ranges  0x00000000       0x18 HAL/SevSeg/SevSeg_Core.o
 .debug_line    0x00000000       0x6d HAL/SevSeg/SevSeg_Core.o
 .debug_str     0x00000000      0x202 HAL/SevSeg/SevSeg_Core.o
 .comment       0x00000000       0x31 HAL/SevSeg/SevSeg_Core.o
 .debug_frame   0x00000000       0x34 HAL/SevSeg/SevSeg_Core.o
 .text          0x00000000        0x0 HAL/TempSensor/TempSensor_Core.o
 .data          0x00000000        0x0 HAL/TempSensor/TempSensor_Core.o
 .bss           0x00000000        0x0 HAL/TempSensor/TempSensor_Core.o
 .text.TempSensor_Init
                0x00000000        0x6 HAL/TempSensor/TempSensor_Core.o
 .text.TempSensor_Read
                0x00000000       0x24 HAL/TempSensor/TempSensor_Core.o
 .debug_info    0x00000000       0xfa HAL/TempSensor/TempSensor_Core.o
 .debug_abbrev  0x00000000       0xa1 HAL/TempSensor/TempSensor_Core.o
 .debug_loc     0x00000000       0x24 HAL/TempSensor/TempSensor_Core.o
 .debug_aranges
                0x00000000       0x28 HAL/TempSensor/TempSensor_Core.o
 .debug_ranges  0x00000000       0x18 HAL/TempSensor/TempSensor_Core.o
 .debug_line    0x00000000       0xa6 HAL/TempSensor/TempSensor_Core.o
 .debug_str     0x00000000      0x1ed HAL/TempSensor/TempSensor_Core.o
 .comment       0x00000000       0x31 HAL/TempSensor/TempSensor_Core.o
 .debug_frame   0x00000000       0x34 HAL/TempSensor/TempSensor_Core.o
 .text          0x00000000        0x0 HAL/Ultrasonic/Ultrasonic.o
 .data          0x00000000        0x0 HAL/Ultrasonic/Ultrasonic.o
 .bss           0x00000000        0x0 HAL/Ultrasonic/Ultrasonic.o
 .text.UltraSonic_Init
                0x00000000        0x2 HAL/Ultrasonic/Ultrasonic.o
 .text.UltraSonic_Trigger
                0x00000000       0x1a HAL/Ultrasonic/Ultrasonic.o
 .text.Ultrasonic_GetDistance
                0x00000000       0x22 HAL/Ultrasonic/Ultrasonic.o
 .debug_info    0x00000000      0x1df HAL/Ultrasonic/Ultrasonic.o
 .debug_abbrev  0x00000000      0x157 HAL/Ultrasonic/Ultrasonic.o
 .debug_loc     0x00000000       0x99 HAL/Ultrasonic/Ultrasonic.o
 .debug_aranges
                0x00000000       0x30 HAL/Ultrasonic/Ultrasonic.o
 .debug_ranges  0x00000000       0x20 HAL/Ultrasonic/Ultrasonic.o
 .debug_line    0x00000000      0x1a7 HAL/Ultrasonic/Ultrasonic.o
 .debug_str     0x00000000      0x28a HAL/Ultrasonic/Ultrasonic.o
 .comment       0x00000000       0x31 HAL/Ultrasonic/Ultrasonic.o
 .debug_frame   0x00000000       0x44 HAL/Ultrasonic/Ultrasonic.o
 .text          0x00000000        0x0 MCAL/ADC/ADC_Core.o
 .data          0x00000000        0x0 MCAL/ADC/ADC_Core.o
 .bss           0x00000000        0x0 MCAL/ADC/ADC_Core.o
 .text.ADC_Init
                0x00000000       0x36 MCAL/ADC/ADC_Core.o
 .text.ADC_Read
                0x00000000        0x8 MCAL/ADC/ADC_Core.o
 .text          0x00000000        0x0 MCAL/DIO/DIO_Core.o
 .data          0x00000000        0x0 MCAL/DIO/DIO_Core.o
 .bss           0x00000000        0x0 MCAL/DIO/DIO_Core.o
 .text.DIO_FlipChennel
                0x00000000       0x82 MCAL/DIO/DIO_Core.o
 .text.DIO_WritePort
                0x00000000       0x26 MCAL/DIO/DIO_Core.o
 .text.DIO_ReadPort
                0x00000000       0x36 MCAL/DIO/DIO_Core.o
 .text          0x00000000        0x0 MCAL/GPT/GPT_Core.o
 .data          0x00000000        0x0 MCAL/GPT/GPT_Core.o
 .bss           0x00000000        0x0 MCAL/GPT/GPT_Core.o
 .text.GPT_Init
                0x00000000       0x2e MCAL/GPT/GPT_Core.o
 .text.GPT_SetTime
                0x00000000       0x54 MCAL/GPT/GPT_Core.o
 .text          0x00000000        0x0 MCAL/I2C/I2C_Core.o
 .data          0x00000000        0x0 MCAL/I2C/I2C_Core.o
 .bss           0x00000000        0x0 MCAL/I2C/I2C_Core.o
 .text.I2C_MasterInit
                0x00000000       0x1e MCAL/I2C/I2C_Core.o
 .text.I2C_StartCondition
                0x00000000       0x1a MCAL/I2C/I2C_Core.o
 .text.I2C_RepeatedStart
                0x00000000       0x1c MCAL/I2C/I2C_Core.o
 .text.I2C_SendAddress_WriteOperation
                0x00000000       0x18 MCAL/I2C/I2C_Core.o
 .text.I2C_SendAddress_ReadOperation
                0x00000000       0x1e MCAL/I2C/I2C_Core.o
 .text.I2C_WriteByte
                0x00000000       0x16 MCAL/I2C/I2C_Core.o
 .text.I2C_ReadByte
                0x00000000       0x16 MCAL/I2C/I2C_Core.o
 .text.I2C_StopCondition
                0x00000000        0x6 MCAL/I2C/I2C_Core.o
 .debug_info    0x00000000      0x171 MCAL/I2C/I2C_Core.o
 .debug_abbrev  0x00000000       0x9a MCAL/I2C/I2C_Core.o
 .debug_loc     0x00000000       0x8e MCAL/I2C/I2C_Core.o
 .debug_aranges
                0x00000000       0x58 MCAL/I2C/I2C_Core.o
 .debug_ranges  0x00000000       0x48 MCAL/I2C/I2C_Core.o
 .debug_line    0x00000000      0x1d6 MCAL/I2C/I2C_Core.o
 .debug_str     0x00000000      0x237 MCAL/I2C/I2C_Core.o
 .comment       0x00000000       0x31 MCAL/I2C/I2C_Core.o
 .debug_frame   0x00000000       0x94 MCAL/I2C/I2C_Core.o
 .text          0x00000000        0x0 MCAL/ICU/ICU_Core.o
 .data          0x00000000        0x0 MCAL/ICU/ICU_Core.o
 .bss           0x00000000        0x0 MCAL/ICU/ICU_Core.o
 .text.ICU_Init
                0x00000000       0x12 MCAL/ICU/ICU_Core.o
 .text.ICU_Capture
                0x00000000       0xaa MCAL/ICU/ICU_Core.o
 .bss.time.1601
                0x00000000        0x4 MCAL/ICU/ICU_Core.o
 .text          0x00000000        0x0 MCAL/IRQH/IRQH_Core.o
 .data          0x00000000        0x0 MCAL/IRQH/IRQH_Core.o
 .bss           0x00000000        0x0 MCAL/IRQH/IRQH_Core.o
 .text.IRQH_SetGlobalINT
                0x00000000       0x18 MCAL/IRQH/IRQH_Core.o
 .text.IRQH_SetExternalINT
                0x00000000       0x14 MCAL/IRQH/IRQH_Core.o
 .text.IRQH_Set_CallBack
                0x00000000       0x12 MCAL/IRQH/IRQH_Core.o
 .text          0x00000000        0x0 MCAL/PORT/PORT_Core.o
 .data          0x00000000        0x0 MCAL/PORT/PORT_Core.o
 .bss           0x00000000        0x0 MCAL/PORT/PORT_Core.o
 .text          0x00000000        0x0 MCAL/PWM/PWM_Core.o
 .data          0x00000000        0x0 MCAL/PWM/PWM_Core.o
 .bss           0x00000000        0x0 MCAL/PWM/PWM_Core.o
 .text.PWM_Init
                0x00000000       0x2c MCAL/PWM/PWM_Core.o
 .text.PWM0_Generate
                0x00000000       0x16 MCAL/PWM/PWM_Core.o
 .text.PWM1_Generate
                0x00000000       0x52 MCAL/PWM/PWM_Core.o
 .debug_info    0x00000000       0xed MCAL/PWM/PWM_Core.o
 .debug_abbrev  0x00000000       0x87 MCAL/PWM/PWM_Core.o
 .debug_loc     0x00000000       0x92 MCAL/PWM/PWM_Core.o
 .debug_aranges
                0x00000000       0x30 MCAL/PWM/PWM_Core.o
 .debug_ranges  0x00000000       0x20 MCAL/PWM/PWM_Core.o
 .debug_line    0x00000000       0xc7 MCAL/PWM/PWM_Core.o
 .debug_str     0x00000000      0x1cb MCAL/PWM/PWM_Core.o
 .comment       0x00000000       0x31 MCAL/PWM/PWM_Core.o
 .debug_frame   0x00000000       0x4c MCAL/PWM/PWM_Core.o
 .text          0x00000000        0x0 MCAL/SPI/SPI_Core.o
 .data          0x00000000        0x0 MCAL/SPI/SPI_Core.o
 .bss           0x00000000        0x0 MCAL/SPI/SPI_Core.o
 .text.SPI_Init
                0x00000000        0x8 MCAL/SPI/SPI_Core.o
 .text.SPI_TranSiver
                0x00000000        0xa MCAL/SPI/SPI_Core.o
 .debug_info    0x00000000       0xfa MCAL/SPI/SPI_Core.o
 .debug_abbrev  0x00000000       0x9a MCAL/SPI/SPI_Core.o
 .debug_loc     0x00000000       0x3e MCAL/SPI/SPI_Core.o
 .debug_aranges
                0x00000000       0x28 MCAL/SPI/SPI_Core.o
 .debug_ranges  0x00000000       0x18 MCAL/SPI/SPI_Core.o
 .debug_line    0x00000000       0x93 MCAL/SPI/SPI_Core.o
 .debug_str     0x00000000      0x1d2 MCAL/SPI/SPI_Core.o
 .comment       0x00000000       0x31 MCAL/SPI/SPI_Core.o
 .debug_frame   0x00000000       0x34 MCAL/SPI/SPI_Core.o
 .text          0x00000000        0x0 MCAL/UART/UART_Core.o
 .data          0x00000000        0x0 MCAL/UART/UART_Core.o
 .bss           0x00000000        0x0 MCAL/UART/UART_Core.o
 .text.UART_Init
                0x00000000       0x24 MCAL/UART/UART_Core.o
 .text.UART_InitiateTx
                0x00000000        0xe MCAL/UART/UART_Core.o
 .text.UART_SendData
                0x00000000       0x32 MCAL/UART/UART_Core.o
 .text.UART_ReceiveData
                0x00000000       0x28 MCAL/UART/UART_Core.o
 .text.UART_ReceiveStatus
                0x00000000       0x12 MCAL/UART/UART_Core.o
 .bss.REC_COUNTER.1613
                0x00000000        0x1 MCAL/UART/UART_Core.o
 .bss.RECEIVE_STATUS_FLAG
                0x00000000        0x1 MCAL/UART/UART_Core.o
 COMMON         0x00000000       0x11 MCAL/UART/UART_Core.o
 .text          0x00000000        0x0 MCAL/WDT/WDT_Core.o
 .data          0x00000000        0x0 MCAL/WDT/WDT_Core.o
 .bss           0x00000000        0x0 MCAL/WDT/WDT_Core.o
 .text.WDT_ON   0x00000000       0x1a MCAL/WDT/WDT_Core.o
 .text.WDT_OFF  0x00000000        0x8 MCAL/WDT/WDT_Core.o
 .text.WDT_Refresh
                0x00000000        0xa MCAL/WDT/WDT_Core.o
 .debug_info    0x00000000       0xc2 MCAL/WDT/WDT_Core.o
 .debug_abbrev  0x00000000       0x69 MCAL/WDT/WDT_Core.o
 .debug_aranges
                0x00000000       0x30 MCAL/WDT/WDT_Core.o
 .debug_ranges  0x00000000       0x20 MCAL/WDT/WDT_Core.o
 .debug_line    0x00000000       0xa9 MCAL/WDT/WDT_Core.o
 .debug_str     0x00000000      0x1a5 MCAL/WDT/WDT_Core.o
 .comment       0x00000000       0x31 MCAL/WDT/WDT_Core.o
 .debug_frame   0x00000000       0x44 MCAL/WDT/WDT_Core.o
 .text          0x00000000        0x0 OS/croutine.o
 .data          0x00000000        0x0 OS/croutine.o
 .bss           0x00000000        0x0 OS/croutine.o
 .debug_info    0x00000000       0x64 OS/croutine.o
 .debug_abbrev  0x00000000       0x26 OS/croutine.o
 .debug_aranges
                0x00000000       0x18 OS/croutine.o
 .debug_line    0x00000000       0x1a OS/croutine.o
 .debug_str     0x00000000      0x194 OS/croutine.o
 .comment       0x00000000       0x31 OS/croutine.o
 .text          0x00000000        0x0 OS/event_groups.o
 .data          0x00000000        0x0 OS/event_groups.o
 .bss           0x00000000        0x0 OS/event_groups.o
 .text.prvTestWaitCondition
                0x00000000       0x26 OS/event_groups.o
 .text.xEventGroupCreate
                0x00000000       0x26 OS/event_groups.o
 .text.xEventGroupWaitBits
                0x00000000       0xe4 OS/event_groups.o
 .text.xEventGroupClearBits
                0x00000000       0x1e OS/event_groups.o
 .text.xEventGroupGetBitsFromISR
                0x00000000        0x8 OS/event_groups.o
 .text.xEventGroupSetBits
                0x00000000       0xc8 OS/event_groups.o
 .text.xEventGroupSync
                0x00000000       0xd6 OS/event_groups.o
 .text.vEventGroupDelete
                0x00000000       0x2e OS/event_groups.o
 .text.vEventGroupSetBitsCallback
                0x00000000        0x8 OS/event_groups.o
 .text.vEventGroupClearBitsCallback
                0x00000000        0x8 OS/event_groups.o
 .debug_info    0x00000000      0x8df OS/event_groups.o
 .debug_abbrev  0x00000000      0x1dc OS/event_groups.o
 .debug_loc     0x00000000      0xb41 OS/event_groups.o
 .debug_aranges
                0x00000000       0x68 OS/event_groups.o
 .debug_ranges  0x00000000       0x70 OS/event_groups.o
 .debug_line    0x00000000      0x3fd OS/event_groups.o
 .debug_str     0x00000000      0x5a8 OS/event_groups.o
 .comment       0x00000000       0x31 OS/event_groups.o
 .debug_frame   0x00000000      0x15c OS/event_groups.o
 .text          0x00000000        0x0 OS/heap_1.o
 .data          0x00000000        0x0 OS/heap_1.o
 .bss           0x00000000        0x0 OS/heap_1.o
 .text.vPortInitialiseBlocks
                0x00000000        0xa OS/heap_1.o
 .text.xPortGetFreeHeapSize
                0x00000000       0x12 OS/heap_1.o
 .text          0x00000000        0x0 OS/list.o
 .data          0x00000000        0x0 OS/list.o
 .bss           0x00000000        0x0 OS/list.o
 .text          0x00000000        0x0 OS/port.o
 .data          0x00000000        0x0 OS/port.o
 .bss           0x00000000        0x0 OS/port.o
 .text.vPortEndScheduler
                0x00000000        0x2 OS/port.o
 .text          0x00000000        0x0 OS/queue.o
 .data          0x00000000        0x0 OS/queue.o
 .bss           0x00000000        0x0 OS/queue.o
 .text.xQueueGenericSendFromISR
                0x00000000       0x74 OS/queue.o
 .text.xQueueGiveFromISR
                0x00000000       0x52 OS/queue.o
 .text.xQueueSemaphoreTake
                0x00000000      0x106 OS/queue.o
 .text.xQueuePeek
                0x00000000      0x122 OS/queue.o
 .text.xQueueReceiveFromISR
                0x00000000       0x6e OS/queue.o
 .text.xQueuePeekFromISR
                0x00000000       0x2e OS/queue.o
 .text.uxQueueMessagesWaiting
                0x00000000       0x10 OS/queue.o
 .text.uxQueueSpacesAvailable
                0x00000000       0x16 OS/queue.o
 .text.uxQueueMessagesWaitingFromISR
                0x00000000        0x6 OS/queue.o
 .text.vQueueDelete
                0x00000000        0x6 OS/queue.o
 .text.xQueueIsQueueEmptyFromISR
                0x00000000       0x10 OS/queue.o
 .text.xQueueIsQueueFullFromISR
                0x00000000       0x12 OS/queue.o
 .text          0x00000000        0x0 OS/stream_buffer.o
 .data          0x00000000        0x0 OS/stream_buffer.o
 .bss           0x00000000        0x0 OS/stream_buffer.o
 .text.prvBytesInBuffer
                0x00000000       0x26 OS/stream_buffer.o
 .text.prvInitialiseNewStreamBuffer
                0x00000000       0x20 OS/stream_buffer.o
 .text.prvWriteBytesToBuffer
                0x00000000       0x92 OS/stream_buffer.o
 .text.prvWriteMessageToBuffer
                0x00000000       0x8a OS/stream_buffer.o
 .text.prvReadBytesFromBuffer
                0x00000000       0xa0 OS/stream_buffer.o
 .text.prvReadMessageFromBuffer
                0x00000000       0x8c OS/stream_buffer.o
 .text.xStreamBufferGenericCreate
                0x00000000       0x5a OS/stream_buffer.o
 .text.vStreamBufferDelete
                0x00000000       0x1a OS/stream_buffer.o
 .text.xStreamBufferReset
                0x00000000       0x3e OS/stream_buffer.o
 .text.xStreamBufferSetTriggerLevel
                0x00000000       0x22 OS/stream_buffer.o
 .text.xStreamBufferSpacesAvailable
                0x00000000       0x24 OS/stream_buffer.o
 .text.xStreamBufferBytesAvailable
                0x00000000        0x6 OS/stream_buffer.o
 .text.xStreamBufferSend
                0x00000000      0x14c OS/stream_buffer.o
 .text.xStreamBufferSendFromISR
                0x00000000       0x8c OS/stream_buffer.o
 .text.xStreamBufferReceive
                0x00000000       0xf8 OS/stream_buffer.o
 .text.xStreamBufferNextMessageLengthBytes
                0x00000000       0x66 OS/stream_buffer.o
 .text.xStreamBufferReceiveFromISR
                0x00000000       0x88 OS/stream_buffer.o
 .text.xStreamBufferIsEmpty
                0x00000000       0x18 OS/stream_buffer.o
 .text.xStreamBufferIsFull
                0x00000000       0x2c OS/stream_buffer.o
 .text.xStreamBufferSendCompletedFromISR
                0x00000000       0x46 OS/stream_buffer.o
 .text.xStreamBufferReceiveCompletedFromISR
                0x00000000       0x46 OS/stream_buffer.o
 .debug_info    0x00000000     0x12df OS/stream_buffer.o
 .debug_abbrev  0x00000000      0x22a OS/stream_buffer.o
 .debug_loc     0x00000000     0x1c5a OS/stream_buffer.o
 .debug_aranges
                0x00000000       0xc0 OS/stream_buffer.o
 .debug_ranges  0x00000000       0xb0 OS/stream_buffer.o
 .debug_line    0x00000000      0x764 OS/stream_buffer.o
 .debug_str     0x00000000      0x7c0 OS/stream_buffer.o
 .comment       0x00000000       0x31 OS/stream_buffer.o
 .debug_frame   0x00000000      0x3e8 OS/stream_buffer.o
 .text          0x00000000        0x0 OS/tasks.o
 .data          0x00000000        0x0 OS/tasks.o
 .bss           0x00000000        0x0 OS/tasks.o
 .text.prvTaskIsTaskSuspended
                0x00000000       0x2e OS/tasks.o
 .text.vTaskDelete
                0x00000000       0xa2 OS/tasks.o
 .text.vTaskResume
                0x00000000       0x84 OS/tasks.o
 .text.xTaskResumeFromISR
                0x00000000       0x90 OS/tasks.o
 .text.vTaskEndScheduler
                0x00000000        0xc OS/tasks.o
 .text.xTaskGetTickCount
                0x00000000       0x14 OS/tasks.o
 .text.xTaskGetTickCountFromISR
                0x00000000        0xa OS/tasks.o
 .text.uxTaskGetNumberOfTasks
                0x00000000        0x6 OS/tasks.o
 .text.pcTaskGetName
                0x00000000       0x10 OS/tasks.o
 .text.vTaskPlaceOnUnorderedEventList
                0x00000000       0x32 OS/tasks.o
 .text.vTaskRemoveFromUnorderedEventList
                0x00000000       0x70 OS/tasks.o
 .text.vTaskSetTimeOutState
                0x00000000       0x20 OS/tasks.o
 .text.xTaskGetCurrentTaskHandle
                0x00000000        0xa OS/tasks.o
 .text.uxTaskResetEventItemValue
                0x00000000       0x2e OS/tasks.o
 .text.ulTaskNotifyTake
                0x00000000       0xae OS/tasks.o
 .text.xTaskNotifyWait
                0x00000000      0x108 OS/tasks.o
 .text.xTaskGenericNotify
                0x00000000      0x10a OS/tasks.o
 .text.xTaskGenericNotifyFromISR
                0x00000000      0x12e OS/tasks.o
 .text.vTaskNotifyGiveFromISR
                0x00000000       0xb4 OS/tasks.o
 .text.xTaskNotifyStateClear
                0x00000000       0x28 OS/tasks.o
 .text          0x00000000        0x0 OS/timers.o
 .data          0x00000000        0x0 OS/timers.o
 .bss           0x00000000        0x0 OS/timers.o
 .debug_info    0x00000000       0x64 OS/timers.o
 .debug_abbrev  0x00000000       0x26 OS/timers.o
 .debug_aranges
                0x00000000       0x18 OS/timers.o
 .debug_line    0x00000000       0x1a OS/timers.o
 .debug_str     0x00000000      0x192 OS/timers.o
 .comment       0x00000000       0x31 OS/timers.o
 .text          0x00000000        0x0 c:/program files (x86)/atmel/studio/7.0/toolchain/avr8/avr8-gnu-toolchain/bin/../lib/gcc/avr/5.4.0/../../../../avr/lib/avr5\libm.a(fixunssfsi.o)
 .data          0x00000000        0x0 c:/program files (x86)/atmel/studio/7.0/toolchain/avr8/avr8-gnu-toolchain/bin/../lib/gcc/avr/5.4.0/../../../../avr/lib/avr5\libm.a(fixunssfsi.o)
 .bss           0x00000000        0x0 c:/program files (x86)/atmel/studio/7.0/toolchain/avr8/avr8-gnu-toolchain/bin/../lib/gcc/avr/5.4.0/../../../../avr/lib/avr5\libm.a(fixunssfsi.o)
 .text.avr-libc.fplib
                0x00000000       0x5e c:/program files (x86)/atmel/studio/7.0/toolchain/avr8/avr8-gnu-toolchain/bin/../lib/gcc/avr/5.4.0/../../../../avr/lib/avr5\libm.a(fixunssfsi.o)
 .text          0x00000000        0x0 c:/program files (x86)/atmel/studio/7.0/toolchain/avr8/avr8-gnu-toolchain/bin/../lib/gcc/avr/5.4.0/../../../../avr/lib/avr5\libm.a(floatsisf.o)
 .data          0x00000000        0x0 c:/program files (x86)/atmel/studio/7.0/toolchain/avr8/avr8-gnu-toolchain/bin/../lib/gcc/avr/5.4.0/../../../../avr/lib/avr5\libm.a(floatsisf.o)
 .bss           0x00000000        0x0 c:/program files (x86)/atmel/studio/7.0/toolchain/avr8/avr8-gnu-toolchain/bin/../lib/gcc/avr/5.4.0/../../../../avr/lib/avr5\libm.a(floatsisf.o)
 .text.avr-libc.fplib
                0x00000000       0x7a c:/program files (x86)/atmel/studio/7.0/toolchain/avr8/avr8-gnu-toolchain/bin/../lib/gcc/avr/5.4.0/../../../../avr/lib/avr5\libm.a(floatsisf.o)
 .text          0x00000000        0x0 c:/program files (x86)/atmel/studio/7.0/toolchain/avr8/avr8-gnu-toolchain/bin/../lib/gcc/avr/5.4.0/../../../../avr/lib/avr5\libm.a(fp_split3.o)
 .data          0x00000000        0x0 c:/program files (x86)/atmel/studio/7.0/toolchain/avr8/avr8-gnu-toolchain/bin/../lib/gcc/avr/5.4.0/../../../../avr/lib/avr5\libm.a(fp_split3.o)
 .bss           0x00000000        0x0 c:/program files (x86)/atmel/studio/7.0/toolchain/avr8/avr8-gnu-toolchain/bin/../lib/gcc/avr/5.4.0/../../../../avr/lib/avr5\libm.a(fp_split3.o)
 .text.avr-libc.fplib
                0x00000000       0x44 c:/program files (x86)/atmel/studio/7.0/toolchain/avr8/avr8-gnu-toolchain/bin/../lib/gcc/avr/5.4.0/../../../../avr/lib/avr5\libm.a(fp_split3.o)
 .text          0x00000000        0x0 c:/program files (x86)/atmel/studio/7.0/toolchain/avr8/avr8-gnu-toolchain/bin/../lib/gcc/avr/5.4.0/../../../../avr/lib/avr5\libm.a(fp_zero.o)
 .data          0x00000000        0x0 c:/program files (x86)/atmel/studio/7.0/toolchain/avr8/avr8-gnu-toolchain/bin/../lib/gcc/avr/5.4.0/../../../../avr/lib/avr5\libm.a(fp_zero.o)
 .bss           0x00000000        0x0 c:/program files (x86)/atmel/studio/7.0/toolchain/avr8/avr8-gnu-toolchain/bin/../lib/gcc/avr/5.4.0/../../../../avr/lib/avr5\libm.a(fp_zero.o)
 .text.avr-libc.fplib
                0x00000000        0xe c:/program files (x86)/atmel/studio/7.0/toolchain/avr8/avr8-gnu-toolchain/bin/../lib/gcc/avr/5.4.0/../../../../avr/lib/avr5\libm.a(fp_zero.o)
 .text          0x00000000        0x0 c:/program files (x86)/atmel/studio/7.0/toolchain/avr8/avr8-gnu-toolchain/bin/../lib/gcc/avr/5.4.0/../../../../avr/lib/avr5\libm.a(mulsf3.o)
 .data          0x00000000        0x0 c:/program files (x86)/atmel/studio/7.0/toolchain/avr8/avr8-gnu-toolchain/bin/../lib/gcc/avr/5.4.0/../../../../avr/lib/avr5\libm.a(mulsf3.o)
 .bss           0x00000000        0x0 c:/program files (x86)/atmel/studio/7.0/toolchain/avr8/avr8-gnu-toolchain/bin/../lib/gcc/avr/5.4.0/../../../../avr/lib/avr5\libm.a(mulsf3.o)
 .text.avr-libc.fplib
                0x00000000        0x8 c:/program files (x86)/atmel/studio/7.0/toolchain/avr8/avr8-gnu-toolchain/bin/../lib/gcc/avr/5.4.0/../../../../avr/lib/avr5\libm.a(mulsf3.o)
 .text          0x00000000        0x0 c:/program files (x86)/atmel/studio/7.0/toolchain/avr8/avr8-gnu-toolchain/bin/../lib/gcc/avr/5.4.0/../../../../avr/lib/avr5\libm.a(mulsf3x.o)
 .data          0x00000000        0x0 c:/program files (x86)/atmel/studio/7.0/toolchain/avr8/avr8-gnu-toolchain/bin/../lib/gcc/avr/5.4.0/../../../../avr/lib/avr5\libm.a(mulsf3x.o)
 .bss           0x00000000        0x0 c:/program files (x86)/atmel/studio/7.0/toolchain/avr8/avr8-gnu-toolchain/bin/../lib/gcc/avr/5.4.0/../../../../avr/lib/avr5\libm.a(mulsf3x.o)
 .text.avr-libc.fplib
                0x00000000       0xd2 c:/program files (x86)/atmel/studio/7.0/toolchain/avr8/avr8-gnu-toolchain/bin/../lib/gcc/avr/5.4.0/../../../../avr/lib/avr5\libm.a(mulsf3x.o)
 .text          0x00000000        0x0 c:/program files (x86)/atmel/studio/7.0/toolchain/avr8/avr8-gnu-toolchain/bin/../lib/gcc/avr/5.4.0/../../../../avr/lib/avr5\libm.a(fp_inf.o)
 .data          0x00000000        0x0 c:/program files (x86)/atmel/studio/7.0/toolchain/avr8/avr8-gnu-toolchain/bin/../lib/gcc/avr/5.4.0/../../../../avr/lib/avr5\libm.a(fp_inf.o)
 .bss           0x00000000        0x0 c:/program files (x86)/atmel/studio/7.0/toolchain/avr8/avr8-gnu-toolchain/bin/../lib/gcc/avr/5.4.0/../../../../avr/lib/avr5\libm.a(fp_inf.o)
 .text.avr-libc.fplib
                0x00000000        0xc c:/program files (x86)/atmel/studio/7.0/toolchain/avr8/avr8-gnu-toolchain/bin/../lib/gcc/avr/5.4.0/../../../../avr/lib/avr5\libm.a(fp_inf.o)
 .text          0x00000000        0x0 c:/program files (x86)/atmel/studio/7.0/toolchain/avr8/avr8-gnu-toolchain/bin/../lib/gcc/avr/5.4.0/../../../../avr/lib/avr5\libm.a(fp_nan.o)
 .data          0x00000000        0x0 c:/program files (x86)/atmel/studio/7.0/toolchain/avr8/avr8-gnu-toolchain/bin/../lib/gcc/avr/5.4.0/../../../../avr/lib/avr5\libm.a(fp_nan.o)
 .bss           0x00000000        0x0 c:/program files (x86)/atmel/studio/7.0/toolchain/avr8/avr8-gnu-toolchain/bin/../lib/gcc/avr/5.4.0/../../../../avr/lib/avr5\libm.a(fp_nan.o)
 .text.avr-libc.fplib
                0x00000000        0x6 c:/program files (x86)/atmel/studio/7.0/toolchain/avr8/avr8-gnu-toolchain/bin/../lib/gcc/avr/5.4.0/../../../../avr/lib/avr5\libm.a(fp_nan.o)
 .text          0x00000000        0x0 c:/program files (x86)/atmel/studio/7.0/toolchain/avr8/avr8-gnu-toolchain/bin/../lib/gcc/avr/5.4.0/../../../../avr/lib/avr5\libm.a(fp_pscA.o)
 .data          0x00000000        0x0 c:/program files (x86)/atmel/studio/7.0/toolchain/avr8/avr8-gnu-toolchain/bin/../lib/gcc/avr/5.4.0/../../../../avr/lib/avr5\libm.a(fp_pscA.o)
 .bss           0x00000000        0x0 c:/program files (x86)/atmel/studio/7.0/toolchain/avr8/avr8-gnu-toolchain/bin/../lib/gcc/avr/5.4.0/../../../../avr/lib/avr5\libm.a(fp_pscA.o)
 .text.avr-libc.fplib
                0x00000000        0xe c:/program files (x86)/atmel/studio/7.0/toolchain/avr8/avr8-gnu-toolchain/bin/../lib/gcc/avr/5.4.0/../../../../avr/lib/avr5\libm.a(fp_pscA.o)
 .text          0x00000000        0x0 c:/program files (x86)/atmel/studio/7.0/toolchain/avr8/avr8-gnu-toolchain/bin/../lib/gcc/avr/5.4.0/../../../../avr/lib/avr5\libm.a(fp_pscB.o)
 .data          0x00000000        0x0 c:/program files (x86)/atmel/studio/7.0/toolchain/avr8/avr8-gnu-toolchain/bin/../lib/gcc/avr/5.4.0/../../../../avr/lib/avr5\libm.a(fp_pscB.o)
 .bss           0x00000000        0x0 c:/program files (x86)/atmel/studio/7.0/toolchain/avr8/avr8-gnu-toolchain/bin/../lib/gcc/avr/5.4.0/../../../../avr/lib/avr5\libm.a(fp_pscB.o)
 .text.avr-libc.fplib
                0x00000000        0xe c:/program files (x86)/atmel/studio/7.0/toolchain/avr8/avr8-gnu-toolchain/bin/../lib/gcc/avr/5.4.0/../../../../avr/lib/avr5\libm.a(fp_pscB.o)
 .text          0x00000000        0x0 c:/program files (x86)/atmel/studio/7.0/toolchain/avr8/avr8-gnu-toolchain/bin/../lib/gcc/avr/5.4.0/../../../../avr/lib/avr5\libm.a(fp_round.o)
 .data          0x00000000        0x0 c:/program files (x86)/atmel/studio/7.0/toolchain/avr8/avr8-gnu-toolchain/bin/../lib/gcc/avr/5.4.0/../../../../avr/lib/avr5\libm.a(fp_round.o)
 .bss           0x00000000        0x0 c:/program files (x86)/atmel/studio/7.0/toolchain/avr8/avr8-gnu-toolchain/bin/../lib/gcc/avr/5.4.0/../../../../avr/lib/avr5\libm.a(fp_round.o)
 .text.avr-libc.fplib
                0x00000000       0x22 c:/program files (x86)/atmel/studio/7.0/toolchain/avr8/avr8-gnu-toolchain/bin/../lib/gcc/avr/5.4.0/../../../../avr/lib/avr5\libm.a(fp_round.o)
 .text          0x00000000        0x0 c:/program files (x86)/atmel/studio/7.0/toolchain/avr8/avr8-gnu-toolchain/bin/../lib/gcc/avr/5.4.0/avr5\libgcc.a(_udivmodqi4.o)
 .data          0x00000000        0x0 c:/program files (x86)/atmel/studio/7.0/toolchain/avr8/avr8-gnu-toolchain/bin/../lib/gcc/avr/5.4.0/avr5\libgcc.a(_udivmodqi4.o)
 .bss           0x00000000        0x0 c:/program files (x86)/atmel/studio/7.0/toolchain/avr8/avr8-gnu-toolchain/bin/../lib/gcc/avr/5.4.0/avr5\libgcc.a(_udivmodqi4.o)
 .text.libgcc.mul
                0x00000000        0x0 c:/program files (x86)/atmel/studio/7.0/toolchain/avr8/avr8-gnu-toolchain/bin/../lib/gcc/avr/5.4.0/avr5\libgcc.a(_udivmodqi4.o)
 .text.libgcc   0x00000000        0x0 c:/program files (x86)/atmel/studio/7.0/toolchain/avr8/avr8-gnu-toolchain/bin/../lib/gcc/avr/5.4.0/avr5\libgcc.a(_udivmodqi4.o)
 .text.libgcc.prologue
                0x00000000        0x0 c:/program files (x86)/atmel/studio/7.0/toolchain/avr8/avr8-gnu-toolchain/bin/../lib/gcc/avr/5.4.0/avr5\libgcc.a(_udivmodqi4.o)
 .text.libgcc.builtins
                0x00000000        0x0 c:/program files (x86)/atmel/studio/7.0/toolchain/avr8/avr8-gnu-toolchain/bin/../lib/gcc/avr/5.4.0/avr5\libgcc.a(_udivmodqi4.o)
 .text.libgcc.fmul
                0x00000000        0x0 c:/program files (x86)/atmel/studio/7.0/toolchain/avr8/avr8-gnu-toolchain/bin/../lib/gcc/avr/5.4.0/avr5\libgcc.a(_udivmodqi4.o)
 .text.libgcc.fixed
                0x00000000        0x0 c:/program files (x86)/atmel/studio/7.0/toolchain/avr8/avr8-gnu-toolchain/bin/../lib/gcc/avr/5.4.0/avr5\libgcc.a(_udivmodqi4.o)
 .text          0x00000000        0x0 c:/program files (x86)/atmel/studio/7.0/toolchain/avr8/avr8-gnu-toolchain/bin/../lib/gcc/avr/5.4.0/avr5\libgcc.a(_divmodhi4.o)
 .data          0x00000000        0x0 c:/program files (x86)/atmel/studio/7.0/toolchain/avr8/avr8-gnu-toolchain/bin/../lib/gcc/avr/5.4.0/avr5\libgcc.a(_divmodhi4.o)
 .bss           0x00000000        0x0 c:/program files (x86)/atmel/studio/7.0/toolchain/avr8/avr8-gnu-toolchain/bin/../lib/gcc/avr/5.4.0/avr5\libgcc.a(_divmodhi4.o)
 .text.libgcc.mul
                0x00000000        0x0 c:/program files (x86)/atmel/studio/7.0/toolchain/avr8/avr8-gnu-toolchain/bin/../lib/gcc/avr/5.4.0/avr5\libgcc.a(_divmodhi4.o)
 .text.libgcc.div
                0x00000000       0x28 c:/program files (x86)/atmel/studio/7.0/toolchain/avr8/avr8-gnu-toolchain/bin/../lib/gcc/avr/5.4.0/avr5\libgcc.a(_divmodhi4.o)
 .text.libgcc   0x00000000        0x0 c:/program files (x86)/atmel/studio/7.0/toolchain/avr8/avr8-gnu-toolchain/bin/../lib/gcc/avr/5.4.0/avr5\libgcc.a(_divmodhi4.o)
 .text.libgcc.prologue
                0x00000000        0x0 c:/program files (x86)/atmel/studio/7.0/toolchain/avr8/avr8-gnu-toolchain/bin/../lib/gcc/avr/5.4.0/avr5\libgcc.a(_divmodhi4.o)
 .text.libgcc.builtins
                0x00000000        0x0 c:/program files (x86)/atmel/studio/7.0/toolchain/avr8/avr8-gnu-toolchain/bin/../lib/gcc/avr/5.4.0/avr5\libgcc.a(_divmodhi4.o)
 .text.libgcc.fmul
                0x00000000        0x0 c:/program files (x86)/atmel/studio/7.0/toolchain/avr8/avr8-gnu-toolchain/bin/../lib/gcc/avr/5.4.0/avr5\libgcc.a(_divmodhi4.o)
 .text.libgcc.fixed
                0x00000000        0x0 c:/program files (x86)/atmel/studio/7.0/toolchain/avr8/avr8-gnu-toolchain/bin/../lib/gcc/avr/5.4.0/avr5\libgcc.a(_divmodhi4.o)
 .text          0x00000000        0x0 c:/program files (x86)/atmel/studio/7.0/toolchain/avr8/avr8-gnu-toolchain/bin/../lib/gcc/avr/5.4.0/avr5\libgcc.a(_udivmodsi4.o)
 .data          0x00000000        0x0 c:/program files (x86)/atmel/studio/7.0/toolchain/avr8/avr8-gnu-toolchain/bin/../lib/gcc/avr/5.4.0/avr5\libgcc.a(_udivmodsi4.o)
 .bss           0x00000000        0x0 c:/program files (x86)/atmel/studio/7.0/toolchain/avr8/avr8-gnu-toolchain/bin/../lib/gcc/avr/5.4.0/avr5\libgcc.a(_udivmodsi4.o)
 .text.libgcc.mul
                0x00000000        0x0 c:/program files (x86)/atmel/studio/7.0/toolchain/avr8/avr8-gnu-toolchain/bin/../lib/gcc/avr/5.4.0/avr5\libgcc.a(_udivmodsi4.o)
 .text.libgcc   0x00000000        0x0 c:/program files (x86)/atmel/studio/7.0/toolchain/avr8/avr8-gnu-toolchain/bin/../lib/gcc/avr/5.4.0/avr5\libgcc.a(_udivmodsi4.o)
 .text.libgcc.prologue
                0x00000000        0x0 c:/program files (x86)/atmel/studio/7.0/toolchain/avr8/avr8-gnu-toolchain/bin/../lib/gcc/avr/5.4.0/avr5\libgcc.a(_udivmodsi4.o)
 .text.libgcc.builtins
                0x00000000        0x0 c:/program files (x86)/atmel/studio/7.0/toolchain/avr8/avr8-gnu-toolchain/bin/../lib/gcc/avr/5.4.0/avr5\libgcc.a(_udivmodsi4.o)
 .text.libgcc.fmul
                0x00000000        0x0 c:/program files (x86)/atmel/studio/7.0/toolchain/avr8/avr8-gnu-toolchain/bin/../lib/gcc/avr/5.4.0/avr5\libgcc.a(_udivmodsi4.o)
 .text.libgcc.fixed
                0x00000000        0x0 c:/program files (x86)/atmel/studio/7.0/toolchain/avr8/avr8-gnu-toolchain/bin/../lib/gcc/avr/5.4.0/avr5\libgcc.a(_udivmodsi4.o)
 .text          0x00000000        0x0 c:/program files (x86)/atmel/studio/7.0/toolchain/avr8/avr8-gnu-toolchain/bin/../lib/gcc/avr/5.4.0/avr5\libgcc.a(_divmodsi4.o)
 .data          0x00000000        0x0 c:/program files (x86)/atmel/studio/7.0/toolchain/avr8/avr8-gnu-toolchain/bin/../lib/gcc/avr/5.4.0/avr5\libgcc.a(_divmodsi4.o)
 .bss           0x00000000        0x0 c:/program files (x86)/atmel/studio/7.0/toolchain/avr8/avr8-gnu-toolchain/bin/../lib/gcc/avr/5.4.0/avr5\libgcc.a(_divmodsi4.o)
 .text.libgcc.mul
                0x00000000        0x0 c:/program files (x86)/atmel/studio/7.0/toolchain/avr8/avr8-gnu-toolchain/bin/../lib/gcc/avr/5.4.0/avr5\libgcc.a(_divmodsi4.o)
 .text.libgcc   0x00000000        0x0 c:/program files (x86)/atmel/studio/7.0/toolchain/avr8/avr8-gnu-toolchain/bin/../lib/gcc/avr/5.4.0/avr5\libgcc.a(_divmodsi4.o)
 .text.libgcc.prologue
                0x00000000        0x0 c:/program files (x86)/atmel/studio/7.0/toolchain/avr8/avr8-gnu-toolchain/bin/../lib/gcc/avr/5.4.0/avr5\libgcc.a(_divmodsi4.o)
 .text.libgcc.builtins
                0x00000000        0x0 c:/program files (x86)/atmel/studio/7.0/toolchain/avr8/avr8-gnu-toolchain/bin/../lib/gcc/avr/5.4.0/avr5\libgcc.a(_divmodsi4.o)
 .text.libgcc.fmul
                0x00000000        0x0 c:/program files (x86)/atmel/studio/7.0/toolchain/avr8/avr8-gnu-toolchain/bin/../lib/gcc/avr/5.4.0/avr5\libgcc.a(_divmodsi4.o)
 .text.libgcc.fixed
                0x00000000        0x0 c:/program files (x86)/atmel/studio/7.0/toolchain/avr8/avr8-gnu-toolchain/bin/../lib/gcc/avr/5.4.0/avr5\libgcc.a(_divmodsi4.o)
 .text          0x00000000        0x0 c:/program files (x86)/atmel/studio/7.0/toolchain/avr8/avr8-gnu-toolchain/bin/../lib/gcc/avr/5.4.0/avr5\libgcc.a(_negsi2.o)
 .data          0x00000000        0x0 c:/program files (x86)/atmel/studio/7.0/toolchain/avr8/avr8-gnu-toolchain/bin/../lib/gcc/avr/5.4.0/avr5\libgcc.a(_negsi2.o)
 .bss           0x00000000        0x0 c:/program files (x86)/atmel/studio/7.0/toolchain/avr8/avr8-gnu-toolchain/bin/../lib/gcc/avr/5.4.0/avr5\libgcc.a(_negsi2.o)
 .text.libgcc.mul
                0x00000000        0x0 c:/program files (x86)/atmel/studio/7.0/toolchain/avr8/avr8-gnu-toolchain/bin/../lib/gcc/avr/5.4.0/avr5\libgcc.a(_negsi2.o)
 .text.libgcc   0x00000000        0x0 c:/program files (x86)/atmel/studio/7.0/toolchain/avr8/avr8-gnu-toolchain/bin/../lib/gcc/avr/5.4.0/avr5\libgcc.a(_negsi2.o)
 .text.libgcc.prologue
                0x00000000        0x0 c:/program files (x86)/atmel/studio/7.0/toolchain/avr8/avr8-gnu-toolchain/bin/../lib/gcc/avr/5.4.0/avr5\libgcc.a(_negsi2.o)
 .text.libgcc.builtins
                0x00000000        0x0 c:/program files (x86)/atmel/studio/7.0/toolchain/avr8/avr8-gnu-toolchain/bin/../lib/gcc/avr/5.4.0/avr5\libgcc.a(_negsi2.o)
 .text.libgcc.fmul
                0x00000000        0x0 c:/program files (x86)/atmel/studio/7.0/toolchain/avr8/avr8-gnu-toolchain/bin/../lib/gcc/avr/5.4.0/avr5\libgcc.a(_negsi2.o)
 .text.libgcc.fixed
                0x00000000        0x0 c:/program files (x86)/atmel/studio/7.0/toolchain/avr8/avr8-gnu-toolchain/bin/../lib/gcc/avr/5.4.0/avr5\libgcc.a(_negsi2.o)
 .text          0x00000000        0x0 c:/program files (x86)/atmel/studio/7.0/toolchain/avr8/avr8-gnu-toolchain/bin/../lib/gcc/avr/5.4.0/avr5\libgcc.a(_exit.o)
 .data          0x00000000        0x0 c:/program files (x86)/atmel/studio/7.0/toolchain/avr8/avr8-gnu-toolchain/bin/../lib/gcc/avr/5.4.0/avr5\libgcc.a(_exit.o)
 .bss           0x00000000        0x0 c:/program files (x86)/atmel/studio/7.0/toolchain/avr8/avr8-gnu-toolchain/bin/../lib/gcc/avr/5.4.0/avr5\libgcc.a(_exit.o)
 .text.libgcc.mul
                0x00000000        0x0 c:/program files (x86)/atmel/studio/7.0/toolchain/avr8/avr8-gnu-toolchain/bin/../lib/gcc/avr/5.4.0/avr5\libgcc.a(_exit.o)
 .text.libgcc.div
                0x00000000        0x0 c:/program files (x86)/atmel/studio/7.0/toolchain/avr8/avr8-gnu-toolchain/bin/../lib/gcc/avr/5.4.0/avr5\libgcc.a(_exit.o)
 .text.libgcc   0x00000000        0x0 c:/program files (x86)/atmel/studio/7.0/toolchain/avr8/avr8-gnu-toolchain/bin/../lib/gcc/avr/5.4.0/avr5\libgcc.a(_exit.o)
 .text.libgcc.prologue
                0x00000000        0x0 c:/program files (x86)/atmel/studio/7.0/toolchain/avr8/avr8-gnu-toolchain/bin/../lib/gcc/avr/5.4.0/avr5\libgcc.a(_exit.o)
 .text.libgcc.builtins
                0x00000000        0x0 c:/program files (x86)/atmel/studio/7.0/toolchain/avr8/avr8-gnu-toolchain/bin/../lib/gcc/avr/5.4.0/avr5\libgcc.a(_exit.o)
 .text.libgcc.fmul
                0x00000000        0x0 c:/program files (x86)/atmel/studio/7.0/toolchain/avr8/avr8-gnu-toolchain/bin/../lib/gcc/avr/5.4.0/avr5\libgcc.a(_exit.o)
 .text.libgcc.fixed
                0x00000000        0x0 c:/program files (x86)/atmel/studio/7.0/toolchain/avr8/avr8-gnu-toolchain/bin/../lib/gcc/avr/5.4.0/avr5\libgcc.a(_exit.o)
 .text          0x00000000        0x0 c:/program files (x86)/atmel/studio/7.0/toolchain/avr8/avr8-gnu-toolchain/bin/../lib/gcc/avr/5.4.0/avr5\libgcc.a(_copy_data.o)
 .data          0x00000000        0x0 c:/program files (x86)/atmel/studio/7.0/toolchain/avr8/avr8-gnu-toolchain/bin/../lib/gcc/avr/5.4.0/avr5\libgcc.a(_copy_data.o)
 .bss           0x00000000        0x0 c:/program files (x86)/atmel/studio/7.0/toolchain/avr8/avr8-gnu-toolchain/bin/../lib/gcc/avr/5.4.0/avr5\libgcc.a(_copy_data.o)
 .text.libgcc.mul
                0x00000000        0x0 c:/program files (x86)/atmel/studio/7.0/toolchain/avr8/avr8-gnu-toolchain/bin/../lib/gcc/avr/5.4.0/avr5\libgcc.a(_copy_data.o)
 .text.libgcc.div
                0x00000000        0x0 c:/program files (x86)/atmel/studio/7.0/toolchain/avr8/avr8-gnu-toolchain/bin/../lib/gcc/avr/5.4.0/avr5\libgcc.a(_copy_data.o)
 .text.libgcc   0x00000000        0x0 c:/program files (x86)/atmel/studio/7.0/toolchain/avr8/avr8-gnu-toolchain/bin/../lib/gcc/avr/5.4.0/avr5\libgcc.a(_copy_data.o)
 .text.libgcc.prologue
                0x00000000        0x0 c:/program files (x86)/atmel/studio/7.0/toolchain/avr8/avr8-gnu-toolchain/bin/../lib/gcc/avr/5.4.0/avr5\libgcc.a(_copy_data.o)
 .text.libgcc.builtins
                0x00000000        0x0 c:/program files (x86)/atmel/studio/7.0/toolchain/avr8/avr8-gnu-toolchain/bin/../lib/gcc/avr/5.4.0/avr5\libgcc.a(_copy_data.o)
 .text.libgcc.fmul
                0x00000000        0x0 c:/program files (x86)/atmel/studio/7.0/toolchain/avr8/avr8-gnu-toolchain/bin/../lib/gcc/avr/5.4.0/avr5\libgcc.a(_copy_data.o)
 .text.libgcc.fixed
                0x00000000        0x0 c:/program files (x86)/atmel/studio/7.0/toolchain/avr8/avr8-gnu-toolchain/bin/../lib/gcc/avr/5.4.0/avr5\libgcc.a(_copy_data.o)
 .text          0x00000000        0x0 c:/program files (x86)/atmel/studio/7.0/toolchain/avr8/avr8-gnu-toolchain/bin/../lib/gcc/avr/5.4.0/avr5\libgcc.a(_clear_bss.o)
 .data          0x00000000        0x0 c:/program files (x86)/atmel/studio/7.0/toolchain/avr8/avr8-gnu-toolchain/bin/../lib/gcc/avr/5.4.0/avr5\libgcc.a(_clear_bss.o)
 .bss           0x00000000        0x0 c:/program files (x86)/atmel/studio/7.0/toolchain/avr8/avr8-gnu-toolchain/bin/../lib/gcc/avr/5.4.0/avr5\libgcc.a(_clear_bss.o)
 .text.libgcc.mul
                0x00000000        0x0 c:/program files (x86)/atmel/studio/7.0/toolchain/avr8/avr8-gnu-toolchain/bin/../lib/gcc/avr/5.4.0/avr5\libgcc.a(_clear_bss.o)
 .text.libgcc.div
                0x00000000        0x0 c:/program files (x86)/atmel/studio/7.0/toolchain/avr8/avr8-gnu-toolchain/bin/../lib/gcc/avr/5.4.0/avr5\libgcc.a(_clear_bss.o)
 .text.libgcc   0x00000000        0x0 c:/program files (x86)/atmel/studio/7.0/toolchain/avr8/avr8-gnu-toolchain/bin/../lib/gcc/avr/5.4.0/avr5\libgcc.a(_clear_bss.o)
 .text.libgcc.prologue
                0x00000000        0x0 c:/program files (x86)/atmel/studio/7.0/toolchain/avr8/avr8-gnu-toolchain/bin/../lib/gcc/avr/5.4.0/avr5\libgcc.a(_clear_bss.o)
 .text.libgcc.builtins
                0x00000000        0x0 c:/program files (x86)/atmel/studio/7.0/toolchain/avr8/avr8-gnu-toolchain/bin/../lib/gcc/avr/5.4.0/avr5\libgcc.a(_clear_bss.o)
 .text.libgcc.fmul
                0x00000000        0x0 c:/program files (x86)/atmel/studio/7.0/toolchain/avr8/avr8-gnu-toolchain/bin/../lib/gcc/avr/5.4.0/avr5\libgcc.a(_clear_bss.o)
 .text.libgcc.fixed
                0x00000000        0x0 c:/program files (x86)/atmel/studio/7.0/toolchain/avr8/avr8-gnu-toolchain/bin/../lib/gcc/avr/5.4.0/avr5\libgcc.a(_clear_bss.o)
 .text          0x00000000        0x0 c:/program files (x86)/atmel/studio/7.0/toolchain/avr8/avr8-gnu-toolchain/bin/../lib/gcc/avr/5.4.0/avr5\libgcc.a(_umulhisi3.o)
 .data          0x00000000        0x0 c:/program files (x86)/atmel/studio/7.0/toolchain/avr8/avr8-gnu-toolchain/bin/../lib/gcc/avr/5.4.0/avr5\libgcc.a(_umulhisi3.o)
 .bss           0x00000000        0x0 c:/program files (x86)/atmel/studio/7.0/toolchain/avr8/avr8-gnu-toolchain/bin/../lib/gcc/avr/5.4.0/avr5\libgcc.a(_umulhisi3.o)
 .text.libgcc.div
                0x00000000        0x0 c:/program files (x86)/atmel/studio/7.0/toolchain/avr8/avr8-gnu-toolchain/bin/../lib/gcc/avr/5.4.0/avr5\libgcc.a(_umulhisi3.o)
 .text.libgcc   0x00000000        0x0 c:/program files (x86)/atmel/studio/7.0/toolchain/avr8/avr8-gnu-toolchain/bin/../lib/gcc/avr/5.4.0/avr5\libgcc.a(_umulhisi3.o)
 .text.libgcc.prologue
                0x00000000        0x0 c:/program files (x86)/atmel/studio/7.0/toolchain/avr8/avr8-gnu-toolchain/bin/../lib/gcc/avr/5.4.0/avr5\libgcc.a(_umulhisi3.o)
 .text.libgcc.builtins
                0x00000000        0x0 c:/program files (x86)/atmel/studio/7.0/toolchain/avr8/avr8-gnu-toolchain/bin/../lib/gcc/avr/5.4.0/avr5\libgcc.a(_umulhisi3.o)
 .text.libgcc.fmul
                0x00000000        0x0 c:/program files (x86)/atmel/studio/7.0/toolchain/avr8/avr8-gnu-toolchain/bin/../lib/gcc/avr/5.4.0/avr5\libgcc.a(_umulhisi3.o)
 .text.libgcc.fixed
                0x00000000        0x0 c:/program files (x86)/atmel/studio/7.0/toolchain/avr8/avr8-gnu-toolchain/bin/../lib/gcc/avr/5.4.0/avr5\libgcc.a(_umulhisi3.o)
 .text          0x00000000        0x0 c:/program files (x86)/atmel/studio/7.0/toolchain/avr8/avr8-gnu-toolchain/bin/../lib/gcc/avr/5.4.0/avr5\libgcc.a(_muluhisi3.o)
 .data          0x00000000        0x0 c:/program files (x86)/atmel/studio/7.0/toolchain/avr8/avr8-gnu-toolchain/bin/../lib/gcc/avr/5.4.0/avr5\libgcc.a(_muluhisi3.o)
 .bss           0x00000000        0x0 c:/program files (x86)/atmel/studio/7.0/toolchain/avr8/avr8-gnu-toolchain/bin/../lib/gcc/avr/5.4.0/avr5\libgcc.a(_muluhisi3.o)
 .text.libgcc.div
                0x00000000        0x0 c:/program files (x86)/atmel/studio/7.0/toolchain/avr8/avr8-gnu-toolchain/bin/../lib/gcc/avr/5.4.0/avr5\libgcc.a(_muluhisi3.o)
 .text.libgcc   0x00000000        0x0 c:/program files (x86)/atmel/studio/7.0/toolchain/avr8/avr8-gnu-toolchain/bin/../lib/gcc/avr/5.4.0/avr5\libgcc.a(_muluhisi3.o)
 .text.libgcc.prologue
                0x00000000        0x0 c:/program files (x86)/atmel/studio/7.0/toolchain/avr8/avr8-gnu-toolchain/bin/../lib/gcc/avr/5.4.0/avr5\libgcc.a(_muluhisi3.o)
 .text.libgcc.builtins
                0x00000000        0x0 c:/program files (x86)/atmel/studio/7.0/toolchain/avr8/avr8-gnu-toolchain/bin/../lib/gcc/avr/5.4.0/avr5\libgcc.a(_muluhisi3.o)
 .text.libgcc.fmul
                0x00000000        0x0 c:/program files (x86)/atmel/studio/7.0/toolchain/avr8/avr8-gnu-toolchain/bin/../lib/gcc/avr/5.4.0/avr5\libgcc.a(_muluhisi3.o)
 .text.libgcc.fixed
                0x00000000        0x0 c:/program files (x86)/atmel/studio/7.0/toolchain/avr8/avr8-gnu-toolchain/bin/../lib/gcc/avr/5.4.0/avr5\libgcc.a(_muluhisi3.o)
 .text          0x00000000        0x0 c:/program files (x86)/atmel/studio/7.0/toolchain/avr8/avr8-gnu-toolchain/bin/../lib/gcc/avr/5.4.0/avr5\libgcc.a(_udivmodhi4.o)
 .data          0x00000000        0x0 c:/program files (x86)/atmel/studio/7.0/toolchain/avr8/avr8-gnu-toolchain/bin/../lib/gcc/avr/5.4.0/avr5\libgcc.a(_udivmodhi4.o)
 .bss           0x00000000        0x0 c:/program files (x86)/atmel/studio/7.0/toolchain/avr8/avr8-gnu-toolchain/bin/../lib/gcc/avr/5.4.0/avr5\libgcc.a(_udivmodhi4.o)
 .text.libgcc.mul
                0x00000000        0x0 c:/program files (x86)/atmel/studio/7.0/toolchain/avr8/avr8-gnu-toolchain/bin/../lib/gcc/avr/5.4.0/avr5\libgcc.a(_udivmodhi4.o)
 .text.libgcc.div
                0x00000000       0x28 c:/program files (x86)/atmel/studio/7.0/toolchain/avr8/avr8-gnu-toolchain/bin/../lib/gcc/avr/5.4.0/avr5\libgcc.a(_udivmodhi4.o)
 .text.libgcc   0x00000000        0x0 c:/program files (x86)/atmel/studio/7.0/toolchain/avr8/avr8-gnu-toolchain/bin/../lib/gcc/avr/5.4.0/avr5\libgcc.a(_udivmodhi4.o)
 .text.libgcc.prologue
                0x00000000        0x0 c:/program files (x86)/atmel/studio/7.0/toolchain/avr8/avr8-gnu-toolchain/bin/../lib/gcc/avr/5.4.0/avr5\libgcc.a(_udivmodhi4.o)
 .text.libgcc.builtins
                0x00000000        0x0 c:/program files (x86)/atmel/studio/7.0/toolchain/avr8/avr8-gnu-toolchain/bin/../lib/gcc/avr/5.4.0/avr5\libgcc.a(_udivmodhi4.o)
 .text.libgcc.fmul
                0x00000000        0x0 c:/program files (x86)/atmel/studio/7.0/toolchain/avr8/avr8-gnu-toolchain/bin/../lib/gcc/avr/5.4.0/avr5\libgcc.a(_udivmodhi4.o)
 .text.libgcc.fixed
                0x00000000        0x0 c:/program files (x86)/atmel/studio/7.0/toolchain/avr8/avr8-gnu-toolchain/bin/../lib/gcc/avr/5.4.0/avr5\libgcc.a(_udivmodhi4.o)
 .text          0x00000000        0x0 c:/program files (x86)/atmel/studio/7.0/toolchain/avr8/avr8-gnu-toolchain/bin/../lib/gcc/avr/5.4.0/../../../../avr/lib/avr5\libc.a(memcpy.o)
 .data          0x00000000        0x0 c:/program files (x86)/atmel/studio/7.0/toolchain/avr8/avr8-gnu-toolchain/bin/../lib/gcc/avr/5.4.0/../../../../avr/lib/avr5\libc.a(memcpy.o)
 .bss           0x00000000        0x0 c:/program files (x86)/atmel/studio/7.0/toolchain/avr8/avr8-gnu-toolchain/bin/../lib/gcc/avr/5.4.0/../../../../avr/lib/avr5\libc.a(memcpy.o)

Memory Configuration

Name             Origin             Length             Attributes
text             0x00000000         0x00008000         xr
data             0x00800060         0x00000800         rw !x
eeprom           0x00810000         0x00000400         rw !x
fuse             0x00820000         0x00000002         rw !x
lock             0x00830000         0x00000400         rw !x
signature        0x00840000         0x00000400         rw !x
user_signatures  0x00850000         0x00000400         rw !x
*default*        0x00000000         0xffffffff

Linker script and memory map

LOAD C:/Program Files (x86)/Atmel/Studio/7.0/Packs/atmel/ATmega_DFP/1.7.374/gcc/dev/atmega32/avr5/crtatmega32.o
LOAD App/CFGH/MCAL_CFG/PORT_CFG/PORT_LCFG.o
LOAD App/Main/main.o
LOAD HAL/BTN/BTN.o
LOAD HAL/EEPROM/EEPROM_Core.o
LOAD HAL/KeyPad/KeyPad_Core.o
LOAD HAL/LCD/LCD_Core.o
LOAD HAL/LED/LED.o
LOAD HAL/SevSeg/SevSeg_Core.o
LOAD HAL/TempSensor/TempSensor_Core.o
LOAD HAL/Ultrasonic/Ultrasonic.o
LOAD MCAL/ADC/ADC_Core.o
LOAD MCAL/DIO/DIO_Core.o
LOAD MCAL/GPT/GPT_Core.o
LOAD MCAL/I2C/I2C_Core.o
LOAD MCAL/ICU/ICU_Core.o
LOAD MCAL/IRQH/IRQH_Core.o
LOAD MCAL/PORT/PORT_Core.o
LOAD MCAL/PWM/PWM_Core.o
LOAD MCAL/SPI/SPI_Core.o
LOAD MCAL/UART/UART_Core.o
LOAD MCAL/WDT/WDT_Core.o
LOAD OS/croutine.o
LOAD OS/event_groups.o
LOAD OS/heap_1.o
LOAD OS/list.o
LOAD OS/port.o
LOAD OS/queue.o
LOAD OS/stream_buffer.o
LOAD OS/tasks.o
LOAD OS/timers.o
START GROUP
LOAD c:/program files (x86)/atmel/studio/7.0/toolchain/avr8/avr8-gnu-toolchain/bin/../lib/gcc/avr/5.4.0/../../../../avr/lib/avr5\libm.a
END GROUP
START GROUP
LOAD c:/program files (x86)/atmel/studio/7.0/toolchain/avr8/avr8-gnu-toolchain/bin/../lib/gcc/avr/5.4.0/avr5\libgcc.a
LOAD c:/program files (x86)/atmel/studio/7.0/toolchain/avr8/avr8-gnu-toolchain/bin/../lib/gcc/avr/5.4.0/../../../../avr/lib/avr5\libm.a
LOAD c:/program files (x86)/atmel/studio/7.0/toolchain/avr8/avr8-gnu-toolchain/bin/../lib/gcc/avr/5.4.0/../../../../avr/lib/avr5\libc.a
LOAD C:/Program Files (x86)/Atmel/Studio/7.0/Packs/atmel/ATmega_DFP/1.7.374/gcc/dev/atmega32/avr5\libatmega32.a
END GROUP
                0x00000000                __TEXT_REGION_ORIGIN__ = DEFINED (__TEXT_REGION_ORIGIN__)?__TEXT_REGION_ORIGIN__:0x0
                [0x00800060]                __DATA_REGION_ORIGIN__ = DEFINED (__DATA_REGION_ORIGIN__)?__DATA_REGION_ORIGIN__:0x800060
                [0x00008000]                __TEXT_REGION_LENGTH__ = DEFINED (__TEXT_REGION_LENGTH__)?__TEXT_REGION_LENGTH__:0x20000
                [0x00000800]                __DATA_REGION_LENGTH__ = DEFINED (__DATA_REGION_LENGTH__)?__DATA_REGION_LENGTH__:0xffa0
                [0x00000400]                __EEPROM_REGION_LENGTH__ = DEFINED (__EEPROM_REGION_LENGTH__)?__EEPROM_REGION_LENGTH__:0x10000
                [0x00000002]                __FUSE_REGION_LENGTH__ = DEFINED (__FUSE_REGION_LENGTH__)?__FUSE_REGION_LENGTH__:0x400
                0x00000400                __LOCK_REGION_LENGTH__ = DEFINED (__LOCK_REGION_LENGTH__)?__LOCK_REGION_LENGTH__:0x400
                0x00000400                __SIGNATURE_REGION_LENGTH__ = DEFINED (__SIGNATURE_REGION_LENGTH__)?__SIGNATURE_REGION_LENGTH__:0x400
                0x00000400                __USER_SIGNATURE_REGION_LENGTH__ = DEFINED (__USER_SIGNATURE_REGION_LENGTH__)?__USER_SIGNATURE_REGION_LENGTH__:0x400

.hash
 *(.hash)

.dynsym
 *(.dynsym)

.dynstr
 *(.dynstr)

.gnu.version
 *(.gnu.version)

.gnu.version_d
 *(.gnu.version_d)

.gnu.version_r
 *(.gnu.version_r)

.rel.init
 *(.rel.init)

.rela.init
 *(.rela.init)

.rel.text
 *(.rel.text)
 *(.rel.text.*)
 *(.rel.gnu.linkonce.t*)

.rela.text
 *(.rela.text)
 *(.rela.text.*)
 *(.rela.gnu.linkonce.t*)

.rel.fini
 *(.rel.fini)

.rela.fini
 *(.rela.fini)

.rel.rodata
 *(.rel.rodata)
 *(.rel.rodata.*)
 *(.rel.gnu.linkonce.r*)

.rela.rodata
 *(.rela.rodata)
 *(.rela.rodata.*)
 *(.rela.gnu.linkonce.r*)

.rel.data
 *(.rel.data)
 *(.rel.data.*)
 *(.rel.gnu.linkonce.d*)

.rela.data
 *(.rela.data)
 *(.rela.data.*)
 *(.rela.gnu.linkonce.d*)

.rel.ctors
 *(.rel.ctors)

.rela.ctors
 *(.rela.ctors)

.rel.dtors
 *(.rel.dtors)

.rela.dtors
 *(.rela.dtors)

.rel.got
 *(.rel.got)

.rela.got
 *(.rela.got)

.rel.bss
 *(.rel.bss)

.rela.bss
 *(.rela.bss)

.rel.plt
 *(.rel.plt)

.rela.plt
 *(.rela.plt)

.text           0x00000000     0x1f96
 *(.vectors)
 .vectors       0x00000000       0x54 C:/Program Files (x86)/Atmel/Studio/7.0/Packs/atmel/ATmega_DFP/1.7.374/gcc/dev/atmega32/avr5/crtatmega32.o
                0x00000000                __vector_default
                0x00000000                __vectors
 *(.vectors)
 *(.progmem.gcc*)
                0x00000054                . = ALIGN (0x2)
                0x00000054                __trampolines_start = .
 *(.trampolines)
 .trampolines   0x00000054        0x0 linker stubs
 *(.trampolines*)
                0x00000054                __trampolines_end = .
 *libprintf_flt.a:*(.progmem.data)
 *libc.a:*(.progmem.data)
 *(.progmem*)
                0x00000054                . = ALIGN (0x2)
 *(.jumptables)
 *(.jumptables*)
 *(.lowtext)
 *(.lowtext*)
                0x00000054                __ctors_start = .
 *(.ctors)
                0x00000054                __ctors_end = .
                0x00000054                __dtors_start = .
 *(.dtors)
                0x00000054                __dtors_end = .
 SORT(*)(.ctors)
 SORT(*)(.dtors)
 *(.init0)
 .init0         0x00000054        0x0 C:/Program Files (x86)/Atmel/Studio/7.0/Packs/atmel/ATmega_DFP/1.7.374/gcc/dev/atmega32/avr5/crtatmega32.o
                0x00000054                __init
 *(.init0)
 *(.init1)
 *(.init1)
 *(.init2)
 .init2         0x00000054        0xc C:/Program Files (x86)/Atmel/Studio/7.0/Packs/atmel/ATmega_DFP/1.7.374/gcc/dev/atmega32/avr5/crtatmega32.o
 *(.init2)
 *(.init3)
 *(.init3)
 *(.init4)
 .init4         0x00000060       0x16 c:/program files (x86)/atmel/studio/7.0/toolchain/avr8/avr8-gnu-toolchain/bin/../lib/gcc/avr/5.4.0/avr5\libgcc.a(_copy_data.o)
                0x00000060                __do_copy_data
 .init4         0x00000076       0x10 c:/program files (x86)/atmel/studio/7.0/toolchain/avr8/avr8-gnu-toolchain/bin/../lib/gcc/avr/5.4.0/avr5\libgcc.a(_clear_bss.o)
                0x00000076                __do_clear_bss
 *(.init4)
 *(.init5)
 *(.init5)
 *(.init6)
 *(.init6)
 *(.init7)
 *(.init7)
 *(.init8)
 *(.init8)
 *(.init9)
 .init9         0x00000086        0x8 C:/Program Files (x86)/Atmel/Studio/7.0/Packs/atmel/ATmega_DFP/1.7.374/gcc/dev/atmega32/avr5/crtatmega32.o
 *(.init9)
 *(.text)
 .text          0x0000008e        0x4 C:/Program Files (x86)/Atmel/Studio/7.0/Packs/atmel/ATmega_DFP/1.7.374/gcc/dev/atmega32/avr5/crtatmega32.o
                0x0000008e                __vector_12
                0x0000008e                __bad_interrupt
                0x0000008e                __vector_3
                0x0000008e                __vector_17
                0x0000008e                __vector_19
                0x0000008e                __vector_5
                0x0000008e                __vector_4
                0x0000008e                __vector_2
                0x0000008e                __vector_8
                0x0000008e                __vector_14
                0x0000008e                __vector_10
                0x0000008e                __vector_18
                0x0000008e                __vector_20
                0x00000092                . = ALIGN (0x2)
 *(.text.*)
 .text.Task_1   0x00000092       0x2c App/Main/main.o
                0x00000092                Task_1
 .text.Task_2   0x000000be       0x38 App/Main/main.o
                0x000000be                Task_2
 .text.Task_3   0x000000f6      0x1a8 App/Main/main.o
                0x000000f6                Task_3
 .text.main     0x0000029e       0x6c App/Main/main.o
                0x0000029e                main
 .text.KeyPad_Init
                0x0000030a       0x24 HAL/KeyPad/KeyPad_Core.o
                0x0000030a                KeyPad_Init
 .text.KeyPad_GetValue
                0x0000032e       0x9a HAL/KeyPad/KeyPad_Core.o
                0x0000032e                KeyPad_GetValue
 .text.LCD_WriteCommand
                0x000003c8       0xbc HAL/LCD/LCD_Core.o
                0x000003c8                LCD_WriteCommand
 .text.LCD_Init
                0x00000484       0x2c HAL/LCD/LCD_Core.o
                0x00000484                LCD_Init
 .text.LCD_WriteChar
                0x000004b0       0xbc HAL/LCD/LCD_Core.o
                0x000004b0                LCD_WriteChar
 .text.LCD_WriteInteger
                0x0000056c       0xc8 HAL/LCD/LCD_Core.o
                0x0000056c                LCD_WriteInteger
 .text.DIO_WriteChennel
                0x00000634      0x10e MCAL/DIO/DIO_Core.o
                0x00000634                DIO_WriteChennel
 .text.DIO_ReadChennel
                0x00000742       0x82 MCAL/DIO/DIO_Core.o
                0x00000742                DIO_ReadChennel
 .text.__vector_1
                0x000007c4       0x52 MCAL/IRQH/IRQH_Core.o
                0x000007c4                __vector_1
 .text.__vector_16
                0x00000816       0x84 MCAL/IRQH/IRQH_Core.o
                0x00000816                __vector_16
 .text.__vector_11
                0x0000089a       0x82 MCAL/IRQH/IRQH_Core.o
                0x0000089a                __vector_11
 .text.__vector_9
                0x0000091c       0x4a MCAL/IRQH/IRQH_Core.o
                0x0000091c                __vector_9
 .text.__vector_6
                0x00000966      0x160 MCAL/IRQH/IRQH_Core.o
                0x00000966                __vector_6
 .text.__vector_13
                0x00000ac6       0x52 MCAL/IRQH/IRQH_Core.o
                0x00000ac6                __vector_13
 .text.__vector_15
                0x00000b18       0x28 MCAL/IRQH/IRQH_Core.o
                0x00000b18                __vector_15
 .text.PORT_Init
                0x00000b40      0x108 MCAL/PORT/PORT_Core.o
                0x00000b40                PORT_Init
 .text.pvPortMalloc
                0x00000c48       0x6a OS/heap_1.o
                0x00000c48                pvPortMalloc
 .text.vPortFree
                0x00000cb2        0x2 OS/heap_1.o
                0x00000cb2                vPortFree
 .text.vListInitialise
                0x00000cb4       0x1c OS/list.o
                0x00000cb4                vListInitialise
 .text.vListInitialiseItem
                0x00000cd0        0x8 OS/list.o
                0x00000cd0                vListInitialiseItem
 .text.vListInsertEnd
                0x00000cd8       0x42 OS/list.o
                0x00000cd8                vListInsertEnd
 .text.vListInsert
                0x00000d1a       0x62 OS/list.o
                0x00000d1a                vListInsert
 .text.uxListRemove
                0x00000d7c       0x4e OS/list.o
                0x00000d7c                uxListRemove
 .text.prvSetupTimerInterrupt
                0x00000dca       0x12 OS/port.o
 .text.pxPortInitialiseStack
                0x00000ddc       0xd8 OS/port.o
                0x00000ddc                pxPortInitialiseStack
 .text.xPortStartScheduler
                0x00000eb4       0x5e OS/port.o
                0x00000eb4                xPortStartScheduler
 .text.vPortYield
                0x00000f12       0xb2 OS/port.o
                0x00000f12                vPortYield
 .text.vPortYieldFromTick
                0x00000fc4       0xb8 OS/port.o
                0x00000fc4                vPortYieldFromTick
 .text.__vector_7
                0x0000107c        0x6 OS/port.o
                0x0000107c                __vector_7
 .text.prvIsQueueEmpty
                0x00001082       0x1a OS/queue.o
 .text.prvIsQueueFull
                0x0000109c       0x1c OS/queue.o
 .text.prvCopyDataToQueue
                0x000010b8       0x92 OS/queue.o
 .text.prvCopyDataFromQueue
                0x0000114a       0x34 OS/queue.o
 .text.prvUnlockQueue
                0x0000117e       0x68 OS/queue.o
 .text.xQueueGenericReset
                0x000011e6       0x8c OS/queue.o
                0x000011e6                xQueueGenericReset
 .text.prvInitialiseNewQueue
                0x00001272       0x26 OS/queue.o
 .text.xQueueGenericCreate
                0x00001298       0x54 OS/queue.o
                0x00001298                xQueueGenericCreate
 .text.xQueueGenericSend
                0x000012ec      0x124 OS/queue.o
                0x000012ec                xQueueGenericSend
 .text.xQueueReceive
                0x00001410      0x11e OS/queue.o
                0x00001410                xQueueReceive
 .text.prvResetNextTaskUnblockTime
                0x0000152e       0x3e OS/tasks.o
 .text.prvDeleteTCB
                0x0000156c       0x1a OS/tasks.o
 .text.prvInitialiseNewTask
                0x00001586       0xe2 OS/tasks.o
 .text.prvInitialiseTaskLists
                0x00001668       0x6e OS/tasks.o
 .text.prvAddNewTaskToReadyList
                0x000016d6       0xb8 OS/tasks.o
 .text.prvCheckTasksWaitingTermination
                0x0000178e       0x4c OS/tasks.o
 .text.prvIdleTask
                0x000017da        0x6 OS/tasks.o
 .text.prvAddCurrentTaskToDelayedList
                0x000017e0       0xb0 OS/tasks.o
 .text.xTaskCreate
                0x00001890       0xa8 OS/tasks.o
                0x00001890                xTaskCreate
 .text.vTaskStartScheduler
                0x00001938       0x54 OS/tasks.o
                0x00001938                vTaskStartScheduler
 .text.vTaskSuspendAll
                0x0000198c        0xc OS/tasks.o
                0x0000198c                vTaskSuspendAll
 .text.xTaskIncrementTick
                0x00001998      0x174 OS/tasks.o
                0x00001998                xTaskIncrementTick
 .text.xTaskResumeAll
                0x00001b0c       0xe4 OS/tasks.o
                0x00001b0c                xTaskResumeAll
 .text.vTaskDelay
                0x00001bf0       0x2c OS/tasks.o
                0x00001bf0                vTaskDelay
 .text.vTaskSwitchContext
                0x00001c1c       0xa8 OS/tasks.o
                0x00001c1c                vTaskSwitchContext
 .text.vTaskSuspend
                0x00001cc4       0xa4 OS/tasks.o
                0x00001cc4                vTaskSuspend
 .text.vTaskPlaceOnEventList
                0x00001d68       0x24 OS/tasks.o
                0x00001d68                vTaskPlaceOnEventList
 .text.xTaskRemoveFromEventList
                0x00001d8c       0x90 OS/tasks.o
                0x00001d8c                xTaskRemoveFromEventList
 .text.vTaskInternalSetTimeOutState
                0x00001e1c       0x16 OS/tasks.o
                0x00001e1c                vTaskInternalSetTimeOutState
 .text.xTaskCheckForTimeOut
                0x00001e32       0x78 OS/tasks.o
                0x00001e32                xTaskCheckForTimeOut
 .text.vTaskMissedYield
                0x00001eaa        0x8 OS/tasks.o
                0x00001eaa                vTaskMissedYield
 .text.libgcc.div
                0x00001eb2       0x18 c:/program files (x86)/atmel/studio/7.0/toolchain/avr8/avr8-gnu-toolchain/bin/../lib/gcc/avr/5.4.0/avr5\libgcc.a(_udivmodqi4.o)
                0x00001eb2                __udivmodqi4
 .text.libgcc.div
                0x00001eca       0x44 c:/program files (x86)/atmel/studio/7.0/toolchain/avr8/avr8-gnu-toolchain/bin/../lib/gcc/avr/5.4.0/avr5\libgcc.a(_udivmodsi4.o)
                0x00001eca                __udivmodsi4
 .text.libgcc.div
                0x00001f0e       0x2e c:/program files (x86)/atmel/studio/7.0/toolchain/avr8/avr8-gnu-toolchain/bin/../lib/gcc/avr/5.4.0/avr5\libgcc.a(_divmodsi4.o)
                0x00001f0e                __divmodsi4
 .text.libgcc.div
                0x00001f3c       0x10 c:/program files (x86)/atmel/studio/7.0/toolchain/avr8/avr8-gnu-toolchain/bin/../lib/gcc/avr/5.4.0/avr5\libgcc.a(_negsi2.o)
                0x00001f3c                __negsi2
 .text.libgcc.mul
                0x00001f4c       0x1e c:/program files (x86)/atmel/studio/7.0/toolchain/avr8/avr8-gnu-toolchain/bin/../lib/gcc/avr/5.4.0/avr5\libgcc.a(_umulhisi3.o)
                0x00001f4c                __umulhisi3
 .text.libgcc.mul
                0x00001f6a       0x16 c:/program files (x86)/atmel/studio/7.0/toolchain/avr8/avr8-gnu-toolchain/bin/../lib/gcc/avr/5.4.0/avr5\libgcc.a(_muluhisi3.o)
                0x00001f6a                __muluhisi3
 .text.avr-libc
                0x00001f80       0x12 c:/program files (x86)/atmel/studio/7.0/toolchain/avr8/avr8-gnu-toolchain/bin/../lib/gcc/avr/5.4.0/../../../../avr/lib/avr5\libc.a(memcpy.o)
                0x00001f80                memcpy
                0x00001f92                . = ALIGN (0x2)
 *(.fini9)
 .fini9         0x00001f92        0x0 c:/program files (x86)/atmel/studio/7.0/toolchain/avr8/avr8-gnu-toolchain/bin/../lib/gcc/avr/5.4.0/avr5\libgcc.a(_exit.o)
                0x00001f92                _exit
                0x00001f92                exit
 *(.fini9)
 *(.fini8)
 *(.fini8)
 *(.fini7)
 *(.fini7)
 *(.fini6)
 *(.fini6)
 *(.fini5)
 *(.fini5)
 *(.fini4)
 *(.fini4)
 *(.fini3)
 *(.fini3)
 *(.fini2)
 *(.fini2)
 *(.fini1)
 *(.fini1)
 *(.fini0)
 .fini0         0x00001f92        0x4 c:/program files (x86)/atmel/studio/7.0/toolchain/avr8/avr8-gnu-toolchain/bin/../lib/gcc/avr/5.4.0/avr5\libgcc.a(_exit.o)
 *(.fini0)
                0x00001f96                _etext = .

.data           0x00800060       0x5a load address 0x00001f96
                0x00800060                PROVIDE (__data_start, .)
 *(.data)
 *(.data*)
 *(.gnu.linkonce.d*)
 *(.rodata)
 *(.rodata*)
 .rodata.PORT_Initialization
                0x00800060       0x30 App/CFGH/MCAL_CFG/PORT_CFG/PORT_LCFG.o
                0x00800060                PORT_Initialization
 .rodata.str1.1
                0x00800090       0x15 App/Main/main.o
 .rodata.KEYPAD_VALUES
                0x008000a5       0x10 HAL/KeyPad/KeyPad_Core.o
 .rodata.str1.1
                0x008000b5        0x5 OS/tasks.o
 *(.gnu.linkonce.r*)
                0x008000ba                . = ALIGN (0x2)
                0x008000ba                _edata = .
                0x008000ba                PROVIDE (__data_end, .)

.bss            0x008000ba      0x699
                0x008000ba                PROVIDE (__bss_start, .)
 *(.bss)
 *(.bss*)
 .bss.xQueue    0x008000ba        0x2 App/Main/main.o
                0x008000ba                xQueue
 .bss.Task_3_Handle
                0x008000bc        0x2 App/Main/main.o
                0x008000bc                Task_3_Handle
 .bss.Task_2_Handle
                0x008000be        0x2 App/Main/main.o
                0x008000be                Task_2_Handle
 .bss.Task_1_Handle
                0x008000c0        0x2 App/Main/main.o
                0x008000c0                Task_1_Handle
 .bss.ADC_Vin_Value_mv
                0x008000c2        0x4 MCAL/ADC/ADC_Core.o
                0x008000c2                ADC_Vin_Value_mv
 .bss.TIMER0_Init_Value_g
                0x008000c6        0x4 MCAL/GPT/GPT_Core.o
                0x008000c6                TIMER0_Init_Value_g
 .bss.TIMER0_Number_OVRflows_g
                0x008000ca        0x4 MCAL/GPT/GPT_Core.o
                0x008000ca                TIMER0_Number_OVRflows_g
 .bss.Capture_Flag
                0x008000ce        0x4 MCAL/ICU/ICU_Core.o
                0x008000ce                Capture_Flag
 .bss.Captured_Readings_3
                0x008000d2        0x4 MCAL/ICU/ICU_Core.o
                0x008000d2                Captured_Readings_3
 .bss.Captured_Readings_2
                0x008000d6        0x4 MCAL/ICU/ICU_Core.o
                0x008000d6                Captured_Readings_2
 .bss.Captured_Readings_1
                0x008000da        0x4 MCAL/ICU/ICU_Core.o
                0x008000da                Captured_Readings_1
 .bss.INT_CNT_l.1668
                0x008000de        0x1 MCAL/IRQH/IRQH_Core.o
 .bss.TIMER1_Number_OVRflows_g
                0x008000df        0x4 MCAL/IRQH/IRQH_Core.o
                0x008000df                TIMER1_Number_OVRflows_g
 .bss.CallBack_PtrFunc
                0x008000e3       0x28 MCAL/IRQH/IRQH_Core.o
                0x008000e3                CallBack_PtrFunc
 .bss.TX_Cnt    0x0080010b        0x1 MCAL/UART/UART_Core.o
                0x0080010b                TX_Cnt
 .bss.TX_STATUS_FLAG
                0x0080010c        0x1 MCAL/UART/UART_Core.o
                0x0080010c                TX_STATUS_FLAG
 .bss.pucAlignedHeap.2084
                0x0080010d        0x2 OS/heap_1.o
 .bss.xNextFreeByte
                0x0080010f        0x2 OS/heap_1.o
 .bss.ucHeap    0x00800111      0x5dc OS/heap_1.o
 .bss.uxSchedulerSuspended
                0x008006ed        0x1 OS/tasks.o
 .bss.xIdleTaskHandle
                0x008006ee        0x2 OS/tasks.o
 .bss.xNextTaskUnblockTime
                0x008006f0        0x2 OS/tasks.o
 .bss.uxTaskNumber
                0x008006f2        0x1 OS/tasks.o
 .bss.xNumOfOverflows
                0x008006f3        0x1 OS/tasks.o
 .bss.xYieldPending
                0x008006f4        0x1 OS/tasks.o
 .bss.uxPendedTicks
                0x008006f5        0x1 OS/tasks.o
 .bss.xSchedulerRunning
                0x008006f6        0x1 OS/tasks.o
 .bss.uxTopReadyPriority
                0x008006f7        0x1 OS/tasks.o
 .bss.xTickCount
                0x008006f8        0x2 OS/tasks.o
 .bss.uxCurrentNumberOfTasks
                0x008006fa        0x1 OS/tasks.o
 .bss.xSuspendedTaskList
                0x008006fb        0x9 OS/tasks.o
 .bss.uxDeletedTasksWaitingCleanUp
                0x00800704        0x1 OS/tasks.o
 .bss.xTasksWaitingTermination
                0x00800705        0x9 OS/tasks.o
 .bss.xPendingReadyList
                0x0080070e        0x9 OS/tasks.o
 .bss.pxOverflowDelayedTaskList
                0x00800717        0x2 OS/tasks.o
 .bss.pxDelayedTaskList
                0x00800719        0x2 OS/tasks.o
 .bss.xDelayedTaskList2
                0x0080071b        0x9 OS/tasks.o
 .bss.xDelayedTaskList1
                0x00800724        0x9 OS/tasks.o
 .bss.pxReadyTasksLists
                0x0080072d       0x24 OS/tasks.o
 .bss.pxCurrentTCB
                0x00800751        0x2 OS/tasks.o
                0x00800751                pxCurrentTCB
 *(COMMON)
                0x00800753                PROVIDE (__bss_end, .)
                0x00001f96                __data_load_start = LOADADDR (.data)
                0x00001ff0                __data_load_end = (__data_load_start + SIZEOF (.data))

.noinit         0x00800753        0x0
                [!provide]                PROVIDE (__noinit_start, .)
 *(.noinit*)
                [!provide]                PROVIDE (__noinit_end, .)
                0x00800753                _end = .
                [!provide]                PROVIDE (__heap_start, .)

.eeprom         0x00810000        0x0
 *(.eeprom*)
                0x00810000                __eeprom_end = .

.fuse
 *(.fuse)
 *(.lfuse)
 *(.hfuse)
 *(.efuse)

.lock
 *(.lock*)

.signature
 *(.signature*)

.user_signatures
 *(.user_signatures*)

.stab
 *(.stab)

.stabstr
 *(.stabstr)

.stab.excl
 *(.stab.excl)

.stab.exclstr
 *(.stab.exclstr)

.stab.index
 *(.stab.index)

.stab.indexstr
 *(.stab.indexstr)

.comment        0x00000000       0x30
 *(.comment)
 .comment       0x00000000       0x30 App/CFGH/MCAL_CFG/PORT_CFG/PORT_LCFG.o
                                 0x31 (size before relaxing)
 .comment       0x00000030       0x31 App/Main/main.o
 .comment       0x00000030       0x31 HAL/KeyPad/KeyPad_Core.o
 .comment       0x00000030       0x31 HAL/LCD/LCD_Core.o
 .comment       0x00000030       0x31 MCAL/ADC/ADC_Core.o
 .comment       0x00000030       0x31 MCAL/DIO/DIO_Core.o
 .comment       0x00000030       0x31 MCAL/GPT/GPT_Core.o
 .comment       0x00000030       0x31 MCAL/ICU/ICU_Core.o
 .comment       0x00000030       0x31 MCAL/IRQH/IRQH_Core.o
 .comment       0x00000030       0x31 MCAL/PORT/PORT_Core.o
 .comment       0x00000030       0x31 MCAL/UART/UART_Core.o
 .comment       0x00000030       0x31 OS/heap_1.o
 .comment       0x00000030       0x31 OS/list.o
 .comment       0x00000030       0x31 OS/port.o
 .comment       0x00000030       0x31 OS/queue.o
 .comment       0x00000030       0x31 OS/tasks.o

.note.gnu.avr.deviceinfo
                0x00000000       0x3c
 .note.gnu.avr.deviceinfo
                0x00000000       0x3c C:/Program Files (x86)/Atmel/Studio/7.0/Packs/atmel/ATmega_DFP/1.7.374/gcc/dev/atmega32/avr5/crtatmega32.o

.note.gnu.build-id
 *(.note.gnu.build-id)

.debug
 *(.debug)

.line
 *(.line)

.debug_srcinfo
 *(.debug_srcinfo)

.debug_sfnames
 *(.debug_sfnames)

.debug_aranges  0x00000000      0x538
 *(.debug_aranges)
 .debug_aranges
                0x00000000       0x18 App/CFGH/MCAL_CFG/PORT_CFG/PORT_LCFG.o
 .debug_aranges
                0x00000018       0x38 App/Main/main.o
 .debug_aranges
                0x00000050       0x28 HAL/KeyPad/KeyPad_Core.o
 .debug_aranges
                0x00000078       0x50 HAL/LCD/LCD_Core.o
 .debug_aranges
                0x000000c8       0x28 MCAL/ADC/ADC_Core.o
 .debug_aranges
                0x000000f0       0x40 MCAL/DIO/DIO_Core.o
 .debug_aranges
                0x00000130       0x28 MCAL/GPT/GPT_Core.o
 .debug_aranges
                0x00000158       0x28 MCAL/ICU/ICU_Core.o
 .debug_aranges
                0x00000180       0x68 MCAL/IRQH/IRQH_Core.o
 .debug_aranges
                0x000001e8       0x20 MCAL/PORT/PORT_Core.o
 .debug_aranges
                0x00000208       0x40 MCAL/UART/UART_Core.o
 .debug_aranges
                0x00000248       0x38 OS/heap_1.o
 .debug_aranges
                0x00000280       0x40 OS/list.o
 .debug_aranges
                0x000002c0       0x50 OS/port.o
 .debug_aranges
                0x00000310       0xc8 OS/queue.o
 .debug_aranges
                0x000003d8      0x160 OS/tasks.o

.debug_pubnames
 *(.debug_pubnames)

.debug_info     0x00000000     0x54fa
 *(.debug_info .gnu.linkonce.wi.*)
 .debug_info    0x00000000      0x4e6 C:/Program Files (x86)/Atmel/Studio/7.0/Packs/atmel/ATmega_DFP/1.7.374/gcc/dev/atmega32/avr5/crtatmega32.o
 .debug_info    0x000004e6       0xe8 App/CFGH/MCAL_CFG/PORT_CFG/PORT_LCFG.o
 .debug_info    0x000005ce      0x4fc App/Main/main.o
 .debug_info    0x00000aca      0x307 HAL/KeyPad/KeyPad_Core.o
 .debug_info    0x00000dd1      0x769 HAL/LCD/LCD_Core.o
 .debug_info    0x0000153a       0xc7 MCAL/ADC/ADC_Core.o
 .debug_info    0x00001601      0x22b MCAL/DIO/DIO_Core.o
 .debug_info    0x0000182c      0x109 MCAL/GPT/GPT_Core.o
 .debug_info    0x00001935      0x116 MCAL/ICU/ICU_Core.o
 .debug_info    0x00001a4b      0x2b6 MCAL/IRQH/IRQH_Core.o
 .debug_info    0x00001d01      0x146 MCAL/PORT/PORT_Core.o
 .debug_info    0x00001e47      0x19e MCAL/UART/UART_Core.o
 .debug_info    0x00001fe5      0x1a4 OS/heap_1.o
 .debug_info    0x00002189      0x2d8 OS/list.o
 .debug_info    0x00002461      0x24e OS/port.o
 .debug_info    0x000026af     0x143c OS/queue.o
 .debug_info    0x00003aeb     0x1a0f OS/tasks.o

.debug_abbrev   0x00000000     0x179a
 *(.debug_abbrev)
 .debug_abbrev  0x00000000      0x4a3 C:/Program Files (x86)/Atmel/Studio/7.0/Packs/atmel/ATmega_DFP/1.7.374/gcc/dev/atmega32/avr5/crtatmega32.o
 .debug_abbrev  0x000004a3       0x86 App/CFGH/MCAL_CFG/PORT_CFG/PORT_LCFG.o
 .debug_abbrev  0x00000529      0x17b App/Main/main.o
 .debug_abbrev  0x000006a4      0x178 HAL/KeyPad/KeyPad_Core.o
 .debug_abbrev  0x0000081c      0x19f HAL/LCD/LCD_Core.o
 .debug_abbrev  0x000009bb       0x80 MCAL/ADC/ADC_Core.o
 .debug_abbrev  0x00000a3b       0xec MCAL/DIO/DIO_Core.o
 .debug_abbrev  0x00000b27       0x80 MCAL/GPT/GPT_Core.o
 .debug_abbrev  0x00000ba7       0x89 MCAL/ICU/ICU_Core.o
 .debug_abbrev  0x00000c30      0x192 MCAL/IRQH/IRQH_Core.o
 .debug_abbrev  0x00000dc2       0xc4 MCAL/PORT/PORT_Core.o
 .debug_abbrev  0x00000e86       0xbd MCAL/UART/UART_Core.o
 .debug_abbrev  0x00000f43      0x11c OS/heap_1.o
 .debug_abbrev  0x0000105f       0xff OS/list.o
 .debug_abbrev  0x0000115e      0x143 OS/port.o
 .debug_abbrev  0x000012a1      0x252 OS/queue.o
 .debug_abbrev  0x000014f3      0x2a7 OS/tasks.o

.debug_line     0x00000000     0x3173
 *(.debug_line .debug_line.* .debug_line_end)
 .debug_line    0x00000000      0x116 C:/Program Files (x86)/Atmel/Studio/7.0/Packs/atmel/ATmega_DFP/1.7.374/gcc/dev/atmega32/avr5/crtatmega32.o
 .debug_line    0x00000116       0x69 App/CFGH/MCAL_CFG/PORT_CFG/PORT_LCFG.o
 .debug_line    0x0000017f      0x2b4 App/Main/main.o
 .debug_line    0x00000433      0x203 HAL/KeyPad/KeyPad_Core.o
 .debug_line    0x00000636      0x33c HAL/LCD/LCD_Core.o
 .debug_line    0x00000972       0xa4 MCAL/ADC/ADC_Core.o
 .debug_line    0x00000a16      0x205 MCAL/DIO/DIO_Core.o
 .debug_line    0x00000c1b       0xb0 MCAL/GPT/GPT_Core.o
 .debug_line    0x00000ccb       0x9f MCAL/ICU/ICU_Core.o
 .debug_line    0x00000d6a      0x260 MCAL/IRQH/IRQH_Core.o
 .debug_line    0x00000fca      0x127 MCAL/PORT/PORT_Core.o
 .debug_line    0x000010f1      0x12d MCAL/UART/UART_Core.o
 .debug_line    0x0000121e      0x1a0 OS/heap_1.o
 .debug_line    0x000013be      0x1d0 OS/list.o
 .debug_line    0x0000158e      0x29e OS/port.o
 .debug_line    0x0000182c      0xa1e OS/queue.o
 .debug_line    0x0000224a      0xf29 OS/tasks.o

.debug_frame    0x00000000      0xf04
 *(.debug_frame)
 .debug_frame   0x00000000       0x74 App/Main/main.o
 .debug_frame   0x00000074       0x54 HAL/KeyPad/KeyPad_Core.o
 .debug_frame   0x000000c8       0xd4 HAL/LCD/LCD_Core.o
 .debug_frame   0x0000019c       0x34 MCAL/ADC/ADC_Core.o
 .debug_frame   0x000001d0       0x64 MCAL/DIO/DIO_Core.o
 .debug_frame   0x00000234       0x34 MCAL/GPT/GPT_Core.o
 .debug_frame   0x00000268       0x34 MCAL/ICU/ICU_Core.o
 .debug_frame   0x0000029c      0x254 MCAL/IRQH/IRQH_Core.o
 .debug_frame   0x000004f0       0x24 MCAL/PORT/PORT_Core.o
 .debug_frame   0x00000514       0x64 MCAL/UART/UART_Core.o
 .debug_frame   0x00000578       0x60 OS/heap_1.o
 .debug_frame   0x000005d8       0x88 OS/list.o
 .debug_frame   0x00000660       0x84 OS/port.o
 .debug_frame   0x000006e4      0x2e4 OS/queue.o
 .debug_frame   0x000009c8      0x53c OS/tasks.o

.debug_str      0x00000000     0x1913
 *(.debug_str)
 .debug_str     0x00000000      0x196 C:/Program Files (x86)/Atmel/Studio/7.0/Packs/atmel/ATmega_DFP/1.7.374/gcc/dev/atmega32/avr5/crtatmega32.o
 .debug_str     0x00000196      0x1a8 App/CFGH/MCAL_CFG/PORT_CFG/PORT_LCFG.o
                                0x1cf (size before relaxing)
 .debug_str     0x0000033e      0x1ed App/Main/main.o
                                0x360 (size before relaxing)
 .debug_str     0x0000052b      0x16e HAL/KeyPad/KeyPad_Core.o
                                0x2da (size before relaxing)
 .debug_str     0x00000699       0x5c HAL/LCD/LCD_Core.o
                                0x298 (size before relaxing)
 .debug_str     0x000006f5       0x53 MCAL/ADC/ADC_Core.o
                                0x1c6 (size before relaxing)
 .debug_str     0x00000748       0x6b MCAL/DIO/DIO_Core.o
                                0x215 (size before relaxing)
 .debug_str     0x000007b3       0xa6 MCAL/GPT/GPT_Core.o
                                0x220 (size before relaxing)
 .debug_str     0x00000859       0x81 MCAL/ICU/ICU_Core.o
                                0x1fb (size before relaxing)
 .debug_str     0x000008da      0x115 MCAL/IRQH/IRQH_Core.o
                                0x372 (size before relaxing)
 .debug_str     0x000009ef       0x19 MCAL/PORT/PORT_Core.o
                                0x1cd (size before relaxing)
 .debug_str     0x00000a08       0xca MCAL/UART/UART_Core.o
                                0x25c (size before relaxing)
 .debug_str     0x00000ad2       0xb0 OS/heap_1.o
                                0x244 (size before relaxing)
 .debug_str     0x00000b82      0x136 OS/list.o
                                0x2d3 (size before relaxing)
 .debug_str     0x00000cb8      0x119 OS/port.o
                                0x2cc (size before relaxing)
 .debug_str     0x00000dd1      0x42f OS/queue.o
                                0x77a (size before relaxing)
 .debug_str     0x00001200      0x713 OS/tasks.o
                                0xbfc (size before relaxing)

.debug_loc      0x00000000     0x48cd
 *(.debug_loc)
 .debug_loc     0x00000000      0x124 App/Main/main.o
 .debug_loc     0x00000124      0x14b HAL/KeyPad/KeyPad_Core.o
 .debug_loc     0x0000026f      0x4d4 HAL/LCD/LCD_Core.o
 .debug_loc     0x00000743      0x45d MCAL/DIO/DIO_Core.o
 .debug_loc     0x00000ba0      0x503 MCAL/IRQH/IRQH_Core.o
 .debug_loc     0x000010a3      0x151 MCAL/PORT/PORT_Core.o
 .debug_loc     0x000011f4       0x58 MCAL/UART/UART_Core.o
 .debug_loc     0x0000124c       0xf1 OS/heap_1.o
 .debug_loc     0x0000133d      0x145 OS/list.o
 .debug_loc     0x00001482      0x2a0 OS/port.o
 .debug_loc     0x00001722     0x16a0 OS/queue.o
 .debug_loc     0x00002dc2     0x1b0b OS/tasks.o

.debug_macinfo
 *(.debug_macinfo)

.debug_weaknames
 *(.debug_weaknames)

.debug_funcnames
 *(.debug_funcnames)

.debug_typenames
 *(.debug_typenames)

.debug_varnames
 *(.debug_varnames)

.debug_pubtypes
 *(.debug_pubtypes)

.debug_ranges   0x00000000      0x498
 *(.debug_ranges)
 .debug_ranges  0x00000000       0x28 App/Main/main.o
 .debug_ranges  0x00000028       0x18 HAL/KeyPad/KeyPad_Core.o
 .debug_ranges  0x00000040       0x40 HAL/LCD/LCD_Core.o
 .debug_ranges  0x00000080       0x18 MCAL/ADC/ADC_Core.o
 .debug_ranges  0x00000098       0x30 MCAL/DIO/DIO_Core.o
 .debug_ranges  0x000000c8       0x18 MCAL/GPT/GPT_Core.o
 .debug_ranges  0x000000e0       0x18 MCAL/ICU/ICU_Core.o
 .debug_ranges  0x000000f8       0x58 MCAL/IRQH/IRQH_Core.o
 .debug_ranges  0x00000150       0x10 MCAL/PORT/PORT_Core.o
 .debug_ranges  0x00000160       0x30 MCAL/UART/UART_Core.o
 .debug_ranges  0x00000190       0x28 OS/heap_1.o
 .debug_ranges  0x000001b8       0x30 OS/list.o
 .debug_ranges  0x000001e8       0x40 OS/port.o
 .debug_ranges  0x00000228      0x100 OS/queue.o
 .debug_ranges  0x00000328      0x170 OS/tasks.o

.debug_macro
 *(.debug_macro)
OUTPUT(COTS.elf elf32-avr)
LOAD linker stubs
